Archive member included to satisfy reference by file (symbol)

/home/naterpotatoer/SJSU-Dev2/library/static_libraries/lpc40xx/liblpc40xx.a(exceptions.cpp.o)
                              (ArmResetHandler)
/home/naterpotatoer/SJSU-Dev2/library/static_libraries/lpc40xx/libfreertos.a(event_groups.c.o)
                              build/lpc40xx/compiled//home/naterpotatoer/SJSU-Dev2/library/L3_Application/task_scheduler.cpp.o (xEventGroupCreateStatic)
/home/naterpotatoer/SJSU-Dev2/library/static_libraries/lpc40xx/libfreertos.a(list.c.o)
                              /home/naterpotatoer/SJSU-Dev2/library/static_libraries/lpc40xx/libfreertos.a(event_groups.c.o) (vListInitialise)
/home/naterpotatoer/SJSU-Dev2/library/static_libraries/lpc40xx/libfreertos.a(tasks.c.o)
                              build/lpc40xx/compiled//home/naterpotatoer/SJSU-Dev2/library/L3_Application/task_scheduler.cpp.o (xTaskCreateStatic)
/home/naterpotatoer/SJSU-Dev2/library/static_libraries/lpc40xx/libfreertos.a(heap_3.c.o)
                              /home/naterpotatoer/SJSU-Dev2/library/static_libraries/lpc40xx/libfreertos.a(event_groups.c.o) (pvPortMalloc)
/home/naterpotatoer/SJSU-Dev2/library/static_libraries/lpc40xx/libnewlib.a(newlib.cpp.o)
                              build/lpc40xx/compiled/source/main.cpp.o (fputs)
/home/naterpotatoer/SJSU-Dev2/library/static_libraries/lpc40xx/libprintf.a(printf.cpp.o)
                              build/lpc40xx/compiled/source/main.cpp.o (snprintf)
/home/naterpotatoer/SJSU-Dev2/library/static_libraries/lpc40xx/libsemihost.a(trace_impl.cpp.o)
                              /home/naterpotatoer/SJSU-Dev2/library/static_libraries/lpc40xx/liblpc40xx.a(exceptions.cpp.o) (trace_initialize)
/home/naterpotatoer/SJSU-Dev2/library/static_libraries/lpc40xx/liblpc40xx.a(startup.cpp.o)
                              /home/naterpotatoer/SJSU-Dev2/library/static_libraries/lpc40xx/libfreertos.a(tasks.c.o) (ThreadRuntimeCounter)
/home/naterpotatoer/SJSU-Dev2/library/static_libraries/lpc40xx/liblpc40xx.a(port.c.o)
                              /home/naterpotatoer/SJSU-Dev2/library/static_libraries/lpc40xx/libfreertos.a(tasks.c.o) (pxPortInitialiseStack)
/home/naterpotatoer/SJSU-Dev2/library/static_libraries/lpc40xx/libfreertoscommon.a(freertos_common.cpp.o)
                              /home/naterpotatoer/SJSU-Dev2/library/static_libraries/lpc40xx/libfreertos.a(tasks.c.o) (vApplicationGetIdleTaskMemory)
/home/naterpotatoer/SJSU-Dev2/library/static_libraries/lpc40xx/libfreertos.a(timers.c.o)
                              /home/naterpotatoer/SJSU-Dev2/library/static_libraries/lpc40xx/libfreertos.a(tasks.c.o) (xTimerCreateTimerTask)
/home/naterpotatoer/SJSU-Dev2/library/static_libraries/lpc40xx/libfreertos.a(queue.c.o)
                              /home/naterpotatoer/SJSU-Dev2/library/static_libraries/lpc40xx/libfreertos.a(timers.c.o) (xQueueGenericCreateStatic)
/home/naterpotatoer/SJSU-Dev2/library/static_libraries/lpc40xx/libnewlib.a(stdio.cpp.o)
                              /home/naterpotatoer/SJSU-Dev2/library/static_libraries/lpc40xx/libnewlib.a(newlib.cpp.o) (sjsu::newlib::DoNothingStdOut(char const*, unsigned int))
/home/naterpotatoer/SJSU-Dev2/tools/gcc-arm-none-eabi-9-2019-q4-major/bin/../lib/gcc/arm-none-eabi/9.2.1/../../../../arm-none-eabi/lib/thumb/v7e-m+fp/hard/libstdc++_nano.a(atexit_arm.o)
                              build/lpc40xx/compiled/source/main.cpp.o (__aeabi_atexit)
/home/naterpotatoer/SJSU-Dev2/tools/gcc-arm-none-eabi-9-2019-q4-major/bin/../lib/gcc/arm-none-eabi/9.2.1/../../../../arm-none-eabi/lib/thumb/v7e-m+fp/hard/libstdc++_nano.a(functional.o)
                              build/lpc40xx/compiled/source/main.cpp.o (std::__throw_bad_function_call())
/home/naterpotatoer/SJSU-Dev2/tools/gcc-arm-none-eabi-9-2019-q4-major/bin/../lib/gcc/arm-none-eabi/9.2.1/../../../../arm-none-eabi/lib/thumb/v7e-m+fp/hard/libstdc++_nano.a(del_op.o)
                              /home/naterpotatoer/SJSU-Dev2/tools/gcc-arm-none-eabi-9-2019-q4-major/bin/../lib/gcc/arm-none-eabi/9.2.1/../../../../arm-none-eabi/lib/thumb/v7e-m+fp/hard/libstdc++_nano.a(functional.o) (operator delete(void*))
/home/naterpotatoer/SJSU-Dev2/tools/gcc-arm-none-eabi-9-2019-q4-major/bin/../lib/gcc/arm-none-eabi/9.2.1/../../../../arm-none-eabi/lib/thumb/v7e-m+fp/hard/libstdc++_nano.a(eh_exception.o)
                              /home/naterpotatoer/SJSU-Dev2/tools/gcc-arm-none-eabi-9-2019-q4-major/bin/../lib/gcc/arm-none-eabi/9.2.1/../../../../arm-none-eabi/lib/thumb/v7e-m+fp/hard/libstdc++_nano.a(functional.o) (std::exception::~exception())
/home/naterpotatoer/SJSU-Dev2/tools/gcc-arm-none-eabi-9-2019-q4-major/bin/../lib/gcc/arm-none-eabi/9.2.1/../../../../arm-none-eabi/lib/thumb/v7e-m+fp/hard/libstdc++_nano.a(pure.o)
[...]
Memory Configuration

Name             Origin             Length             Attributes
FLASH            0x0000000000000000 0x0000000000080000 xr
SRAM             0x0000000010000000 0x0000000000010000 xrw
SRAM_AHB         0x0000000020000000 0x0000000000008000 xrw
*default*        0x0000000000000000 0xffffffffffffffff

Linker script and memory map

LOAD /home/naterpotatoer/SJSU-Dev2/tools/gcc-arm-none-eabi-9-2019-q4-major/bin/../lib/gcc/arm-none-eabi/9.2.1/thumb/v7e-m+fp/hard/crti.o
LOAD /home/naterpotatoer/SJSU-Dev2/tools/gcc-arm-none-eabi-9-2019-q4-major/bin/../lib/gcc/arm-none-eabi/9.2.1/thumb/v7e-m+fp/hard/crtbegin.o
LOAD /home/naterpotatoer/SJSU-Dev2/tools/gcc-arm-none-eabi-9-2019-q4-major/bin/../lib/gcc/arm-none-eabi/9.2.1/../../../../arm-none-eabi/lib/thumb/v7e-m+fp/hard/rdimon-crt0.o
LOAD build/lpc40xx/compiled/source/main.cpp.o
LOAD build/lpc40xx/compiled//home/naterpotatoer/SJSU-Dev2/library/L3_Application/task_scheduler.cpp.o
LOAD build/lpc40xx/compiled//home/naterpotatoer/SJSU-Dev2/library/L3_Application/file_io/diskio.cpp.o
LOAD build/lpc40xx/compiled/libsjsudev2.a
LOAD /home/naterpotatoer/SJSU-Dev2/tools/gcc-arm-none-eabi-9-2019-q4-major/bin/../lib/gcc/arm-none-eabi/9.2.1/../../../../arm-none-eabi/lib/thumb/v7e-m+fp/hard/libstdc++_nano.a
LOAD /home/naterpotatoer/SJSU-Dev2/tools/gcc-arm-none-eabi-9-2019-q4-major/bin/../lib/gcc/arm-none-eabi/9.2.1/../../../../arm-none-eabi/lib/thumb/v7e-m+fp/hard/libm.a
START GROUP
LOAD /home/naterpotatoer/SJSU-Dev2/tools/gcc-arm-none-eabi-9-2019-q4-major/bin/../lib/gcc/arm-none-eabi/9.2.1/thumb/v7e-m+fp/hard/libgcc.a
LOAD /home/naterpotatoer/SJSU-Dev2/tools/gcc-arm-none-eabi-9-2019-q4-major/bin/../lib/gcc/arm-none-eabi/9.2.1/../../../../arm-none-eabi/lib/thumb/v7e-m+fp/hard/libg_nano.a
LOAD /home/naterpotatoer/SJSU-Dev2/tools/gcc-arm-none-eabi-9-2019-q4-major/bin/../lib/gcc/arm-none-eabi/9.2.1/../../../../arm-none-eabi/lib/thumb/v7e-m+fp/hard/libc_nano.a
END GROUP
START GROUP
LOAD /home/naterpotatoer/SJSU-Dev2/tools/gcc-arm-none-eabi-9-2019-q4-major/bin/../lib/gcc/arm-none-eabi/9.2.1/thumb/v7e-m+fp/hard/libgcc.a
LOAD /home/naterpotatoer/SJSU-Dev2/tools/gcc-arm-none-eabi-9-2019-q4-major/bin/../lib/gcc/arm-none-eabi/9.2.1/../../../../arm-none-eabi/lib/thumb/v7e-m+fp/hard/libc_nano.a
LOAD /home/naterpotatoer/SJSU-Dev2/tools/gcc-arm-none-eabi-9-2019-q4-major/bin/../lib/gcc/arm-none-eabi/9.2.1/../../../../arm-none-eabi/lib/thumb/v7e-m+fp/hard/librdimon_nano.a
END GROUP
START GROUP
LOAD /home/naterpotatoer/SJSU-Dev2/tools/gcc-arm-none-eabi-9-2019-q4-major/bin/../lib/gcc/arm-none-eabi/9.2.1/thumb/v7e-m+fp/hard/libgcc.a
LOAD /home/naterpotatoer/SJSU-Dev2/tools/gcc-arm-none-eabi-9-2019-q4-major/bin/../lib/gcc/arm-none-eabi/9.2.1/../../../../arm-none-eabi/lib/thumb/v7e-m+fp/hard/libc_nano.a
LOAD /home/naterpotatoer/SJSU-Dev2/tools/gcc-arm-none-eabi-9-2019-q4-major/bin/../lib/gcc/arm-none-eabi/9.2.1/../../../../arm-none-eabi/lib/thumb/v7e-m+fp/hard/librdimon_nano.a
END GROUP
LOAD /home/naterpotatoer/SJSU-Dev2/tools/gcc-arm-none-eabi-9-2019-q4-major/bin/../lib/gcc/arm-none-eabi/9.2.1/thumb/v7e-m+fp/hard/crtend.o
LOAD /home/naterpotatoer/SJSU-Dev2/tools/gcc-arm-none-eabi-9-2019-q4-major/bin/../lib/gcc/arm-none-eabi/9.2.1/thumb/v7e-m+fp/hard/crtn.o
                0x0000000000000000                __base_FLASH = 0x0
                0x0000000000000000                __base_Flash = 0x0
                0x0000000000080000                __top_FLASH = 0x80000
                0x0000000000080000                __top_Flash = 0x80000
                0x0000000010000000                __base_SRAM = 0x10000000
                0x0000000010000000                __base_RAM = 0x10000000
                0x0000000010010000                __top_SRAM = 0x10010000
                0x0000000010010000                __top_RAM = 0x10010000
                0x0000000020000000                __base_SRAM_AHB = 0x20000000
                0x0000000020000000                __base_RAM2 = 0x20000000
                0x0000000020008000                __top_SRAM_AHB = 0x20008000
                0x0000000020008000                __top_RAM2 = 0x20008000
                0x0000000020000000                __user_heap_base = __base_RAM2

.text           0x0000000000000000     0x7fb0
 FILL mask 0xff
                0x0000000000000000                __vectors_start__ = ABSOLUTE (.)
 *(.isr_vector)
 .isr_vector    0x0000000000000000       0xe4 /home/naterpotatoer/SJSU-Dev2/library/static_libraries/lpc40xx/liblpc40xx.a(startup.cpp.o)
                0x00000000000000e4                . = ALIGN (0x4)
                0x00000000000000e4                section_table_start = .
                0x00000000000000e4                data_section_table = .
                0x00000000000000e4        0x4 LONG 0x7fb8 LOADADDR (.data)
                0x00000000000000e8        0x4 LONG 0x10000000 ADDR (.data)
                0x00000000000000ec        0x4 LONG 0x120 SIZEOF (.data)
                0x00000000000000f0        0x4 LONG 0x7fb8 LOADADDR (.data_RAM2)
                0x00000000000000f4        0x4 LONG 0x20000000 ADDR (.data_RAM2)
                0x00000000000000f8        0x4 LONG 0x0 SIZEOF (.data_RAM2)
                0x00000000000000fc                data_section_table_end = .
                0x00000000000000fc                bss_section_table = .
                0x00000000000000fc        0x4 LONG 0x10000120 ADDR (.bss)
                0x0000000000000100        0x4 LONG 0x4c8 SIZEOF (.bss)
                0x0000000000000104        0x4 LONG 0x20000000 ADDR (.bss_RAM2)
                0x0000000000000108        0x4 LONG 0x0 SIZEOF (.bss_RAM2)
                0x000000000000010c                bss_section_table_end = .
                0x000000000000010c                section_table_end = .
 *(.after_vectors*)
                0x00000000000002fc                . = 0x2fc
 *fill*         0x000000000000010c      0x1f0 ff
                0x00000000000002fc                PROVIDE (__CRP_WORD_START__ = .)
 *(.crp)
 .crp           0x00000000000002fc        0x4 /home/naterpotatoer/SJSU-Dev2/library/static_libraries/lpc40xx/liblpc40xx.a(startup.cpp.o)
                0x0000000000000300                PROVIDE (__CRP_WORD_END__ = .)
                0x0000000000000001                ASSERT (! ((__CRP_WORD_START__ == __CRP_WORD_END__)), Linker CRP Enabled, but no CRP_WORD provided within application)
                0x0000000000000300                . = ALIGN (0x4)
 *(.init)
 .init          0x0000000000000300        0x4 /home/naterpotatoer/SJSU-Dev2/tools/gcc-arm-none-eabi-9-2019-q4-major/bin/../lib/gcc/arm-none-eabi/9.2.1/thumb/v7e-m+fp/hard/crti.o
                0x0000000000000300                _init
 .init          0x0000000000000304        0x8 /home/naterpotatoer/SJSU-Dev2/tools/gcc-arm-none-eabi-9-2019-q4-major/bin/../lib/gcc/arm-none-eabi/9.2.1/thumb/v7e-m+fp/hard/crtn.o
                0x000000000000030c                . = ALIGN (0x4)
                0x000000000000030c                __preinit_array_start = .
 *(.preinit_array)
                0x000000000000030c                __preinit_array_end = .
                0x000000000000030c                . = ALIGN (0x4)
                0x000000000000030c                __init_array_start = .
 *(SORT_BY_NAME(.init_array.*))
 *(.init_array)
 .init_array    0x000000000000030c        0x4 /home/naterpotatoer/SJSU-Dev2/tools/gcc-arm-none-eabi-9-2019-q4-major/bin/../lib/gcc/arm-none-eabi/9.2.1/thumb/v7e-m+fp/hard/crtbegin.o
 .init_array    0x0000000000000310        0x4 build/lpc40xx/compiled/source/main.cpp.o
 .init_array    0x0000000000000314        0x4 build/lpc40xx/compiled//home/naterpotatoer/SJSU-Dev2/library/L3_Application/task_scheduler.cpp.o
 .init_array    0x0000000000000318        0x4 build/lpc40xx/compiled//home/naterpotatoer/SJSU-Dev2/library/L3_Application/file_io/diskio.cpp.o
 .init_array    0x000000000000031c        0x4 /home/naterpotatoer/SJSU-Dev2/library/static_libraries/lpc40xx/liblpc40xx.a(exceptions.cpp.o)
 .init_array    0x0000000000000320        0x4 /home/naterpotatoer/SJSU-Dev2/library/static_libraries/lpc40xx/liblpc40xx.a(startup.cpp.o)
                0x0000000000000324                __init_array_end = .
 *(.fini)
 .fini          0x0000000000000324        0x4 /home/naterpotatoer/SJSU-Dev2/tools/gcc-arm-none-eabi-9-2019-q4-major/bin/../lib/gcc/arm-none-eabi/9.2.1/thumb/v7e-m+fp/hard/crti.o
                0x0000000000000324                _fini
 .fini          0x0000000000000328        0x8 /home/naterpotatoer/SJSU-Dev2/tools/gcc-arm-none-eabi-9-2019-q4-major/bin/../lib/gcc/arm-none-eabi/9.2.1/thumb/v7e-m+fp/hard/crtn.o
                0x0000000000000330                . = ALIGN (0x4)
 *crtbegin.o(.ctors)
 *(EXCLUDE_FILE(*crtend.o) .ctors)
 *(SORT_BY_NAME(.ctors.*))
 *crtend.o(.ctors)
                0x0000000000000330                . = ALIGN (0x4)
 *crtbegin.o(.dtors)
 *(EXCLUDE_FILE(*crtend.o) .dtors)
 *(SORT_BY_NAME(.dtors.*))
 *crtend.o(.dtors)
 *(.text*)
 .text          0x0000000000000330       0x40 /home/naterpotatoer/SJSU-Dev2/tools/gcc-arm-none-eabi-9-2019-q4-major/bin/../lib/gcc/arm-none-eabi/9.2.1/thumb/v7e-m+fp/hard/crtbegin.o
 .text._ZNSt12experimental15fundamentals_v215source_location7currentEPKcS3_ii
                0x0000000000000370       0x36 build/lpc40xx/compiled/source/main.cpp.o
                0x0000000000000370                std::experimental::fundamentals_v2::source_location::current(char const*, char const*, int, int)
 *fill*         0x00000000000003a6        0x2 ff
 .text._ZNSt12experimental15fundamentals_v215source_locationC2Ev
                0x00000000000003a8       0x34 build/lpc40xx/compiled/source/main.cpp.o
                0x00000000000003a8                std::experimental::fundamentals_v2::source_location::source_location()
                0x00000000000003a8                std::experimental::fundamentals_v2::source_location::source_location()
 .text._ZNKSt12experimental15fundamentals_v215source_location4lineEv
                0x00000000000003dc       0x18 build/lpc40xx/compiled/source/main.cpp.o
                0x00000000000003dc                std::experimental::fundamentals_v2::source_location::line() const
 .text._ZNKSt12experimental15fundamentals_v215source_location9file_nameEv
                0x00000000000003f4       0x18 build/lpc40xx/compiled/source/main.cpp.o
                0x00000000000003f4                std::experimental::fundamentals_v2::source_location::file_name() const
 .text._ZNKSt12experimental15fundamentals_v215source_location13function_nameEv
                0x000000000000040c       0x18 build/lpc40xx/compiled/source/main.cpp.o
                0x000000000000040c                std::experimental::fundamentals_v2::source_location::function_name() const
 .text._ZnwjPv  0x0000000000000424       0x18 build/lpc40xx/compiled/source/main.cpp.o
                0x0000000000000424                operator new(unsigned int, void*)
 .text._ZNSt14numeric_limitsIiE3maxEv
                0x000000000000043c       0x12 build/lpc40xx/compiled/source/main.cpp.o
                0x000000000000043c                std::numeric_limits<int>::max()
 .text._ZNSt14numeric_limitsIxE3maxEv
                0x000000000000044e       0x18 build/lpc40xx/compiled/source/main.cpp.o
                0x000000000000044e                std::numeric_limits<long long>::max()
 .text._ZNSt11char_traitsIcE6lengthEPKc
                0x0000000000000466       0x2e build/lpc40xx/compiled/source/main.cpp.o
                0x0000000000000466                std::char_traits<char>::length(char const*)
 .text._ZNSt9_Any_data9_M_accessEv
                0x0000000000000494       0x16 build/lpc40xx/compiled/source/main.cpp.o
                0x0000000000000494                std::_Any_data::_M_access()
 .text._ZNKSt9_Any_data9_M_accessEv
                0x00000000000004aa       0x16 build/lpc40xx/compiled/source/main.cpp.o
                0x00000000000004aa                std::_Any_data::_M_access() const
 .text._ZNSt14_Function_baseC2Ev
                0x00000000000004c0       0x1c build/lpc40xx/compiled/source/main.cpp.o
                0x00000000000004c0                std::_Function_base::_Function_base()
                0x00000000000004c0                std::_Function_base::_Function_base()
 .text._ZNSt14_Function_baseD2Ev
                0x00000000000004dc       0x26 build/lpc40xx/compiled/source/main.cpp.o
                0x00000000000004dc                std::_Function_base::~_Function_base()
                0x00000000000004dc                std::_Function_base::~_Function_base()
 .text._ZNKSt14_Function_base8_M_emptyEv
                0x0000000000000502       0x22 build/lpc40xx/compiled/source/main.cpp.o
                0x0000000000000502                std::_Function_base::_M_empty() const
 .text._ZNKSt6chrono8durationIxSt5ratioILx1ELx1000000000EEE5countEv
                0x0000000000000524       0x1c build/lpc40xx/compiled/source/main.cpp.o
                0x0000000000000524                std::chrono::duration<long long, std::ratio<1ll, 1000000000ll> >::count() const
 .text._ZNSt6chronoltIxSt5ratioILx1ELx1000000000EExS2_EEbRKNS_8durationIT_T0_EERKNS3_IT1_T2_EE
                0x0000000000000540       0x50 build/lpc40xx/compiled/source/main.cpp.o
                0x0000000000000540                bool std::chrono::operator< <long long, std::ratio<1ll, 1000000000ll>, long long, std::ratio<1ll, 1000000000ll> >(std::chrono::duration<long long, std::ratio<1ll, 1000000000ll> > const&, std::chrono::duration<long long, std::ratio<1ll, 1000000000ll> > const&)
 .text._ZNSt6chrono8durationIxSt5ratioILx1ELx1000000000EEEC1IxvEERKT_
                0x0000000000000590       0x24 build/lpc40xx/compiled/source/main.cpp.o
                0x0000000000000590                std::chrono::duration<long long, std::ratio<1ll, 1000000000ll> >::duration<long long, void>(long long const&)
 .text._ZN4sjsu12StringLengthEPKc
                0x00000000000005b4       0x36 build/lpc40xx/compiled/source/main.cpp.o
                0x00000000000005b4                sjsu::StringLength(char const*)
 .text._ZN4sjsu14BasenameLengthEPKc
                0x00000000000005ea       0x46 build/lpc40xx/compiled/source/main.cpp.o
                0x00000000000005ea                sjsu::BasenameLength(char const*)
 .text._ZN4sjsu12FileBasenameEPKc
                0x0000000000000630       0x2e build/lpc40xx/compiled/source/main.cpp.o
                0x0000000000000630                sjsu::FileBasename(char const*)
 .text._ZNSt17basic_string_viewIcSt11char_traitsIcEEC1EPKc
                0x000000000000065e       0x26 build/lpc40xx/compiled/source/main.cpp.o
                0x000000000000065e                std::basic_string_view<char, std::char_traits<char> >::basic_string_view(char const*)
 .text._ZN9__gnu_cxx11char_traitsIcE2eqERKcS3_
                0x0000000000000684       0x28 build/lpc40xx/compiled/source/main.cpp.o
                0x0000000000000684                __gnu_cxx::char_traits<char>::eq(char const&, char const&)
 .text._ZN9__gnu_cxx11char_traitsIcE6lengthEPKc
                0x00000000000006ac       0x40 build/lpc40xx/compiled/source/main.cpp.o
                0x00000000000006ac                __gnu_cxx::char_traits<char>::length(char const*)
 .text._ZN4sjsu8Status_tC2Ev
                0x00000000000006ec       0x2c build/lpc40xx/compiled/source/main.cpp.o
                0x00000000000006ec                sjsu::Status_t::Status_t()
                0x00000000000006ec                sjsu::Status_t::Status_t()
 .text._ZN4sjsu6StatusC2ERKNS_8Status_tE
                0x0000000000000718       0x34 build/lpc40xx/compiled/source/main.cpp.o
                0x0000000000000718                sjsu::Status::Status(sjsu::Status_t const&)
                0x0000000000000718                sjsu::Status::Status(sjsu::Status_t const&)
 .text._ZN4sjsu6StatusaSERKNS_8Status_tE
                0x000000000000074c       0x3a build/lpc40xx/compiled/source/main.cpp.o
                0x000000000000074c                sjsu::Status::operator=(sjsu::Status_t const&)
 .text._ZNSt8literals15chrono_literalsli2nsIJLc48EEEENSt6chrono8durationIxSt5ratioILx1ELx1000000000EEEEv
                0x0000000000000786       0x1a build/lpc40xx/compiled/source/main.cpp.o
                0x0000000000000786                std::chrono::duration<long long, std::ratio<1ll, 1000000000ll> > std::literals::chrono_literals::operator"" ns<(char)48>()
 .text._ZNSt8literals15chrono_literals16__check_overflowINSt6chrono8durationIxSt5ratioILx1ELx1000000000EEEEJLc48EEEET_v
                0x00000000000007a0       0x28 build/lpc40xx/compiled/source/main.cpp.o
                0x00000000000007a0                std::chrono::duration<long long, std::ratio<1ll, 1000000000ll> > std::literals::chrono_literals::__check_overflow<std::chrono::duration<long long, std::ratio<1ll, 1000000000ll> >, (char)48>()
 .text._ZNSt6chrono8durationIxSt5ratioILx1ELx1000000000EEEpLERKS3_
                0x00000000000007c8       0x2c build/lpc40xx/compiled/source/main.cpp.o
                0x00000000000007c8                std::chrono::duration<long long, std::ratio<1ll, 1000000000ll> >::operator+=(std::chrono::duration<long long, std::ratio<1ll, 1000000000ll> > const&)
 .text._ZN4sjsu13DefaultUptimeEv
                0x00000000000007f4       0x48 build/lpc40xx/compiled/source/main.cpp.o
                0x00000000000007f4                sjsu::DefaultUptime()
 .text._ZNSt8functionIFNSt6chrono8durationIxSt5ratioILx1ELx1000000000EEEEvEED2Ev
                0x000000000000083c       0x1a build/lpc40xx/compiled/source/main.cpp.o
                0x000000000000083c                std::function<std::chrono::duration<long long, std::ratio<1ll, 1000000000ll> > ()>::~function()
                0x000000000000083c                std::function<std::chrono::duration<long long, std::ratio<1ll, 1000000000ll> > ()>::~function()
 *fill*         0x0000000000000856        0x2 ff
 .text._ZN4sjsu4WaitENSt6chrono8durationIxSt5ratioILx1ELx1000000000EEEESt8functionIFbvEE
                0x0000000000000858       0xf4 build/lpc40xx/compiled/source/main.cpp.o
                0x0000000000000858                sjsu::Wait(std::chrono::duration<long long, std::ratio<1ll, 1000000000ll> >, std::function<bool ()>)
 .text._ZZN4sjsu4WaitENSt6chrono8durationIxSt5ratioILx1ELx1000000000EEEEENKUlvE_clEv
                0x000000000000094c       0x16 build/lpc40xx/compiled/source/main.cpp.o
                0x000000000000094c                sjsu::Wait(std::chrono::duration<long long, std::ratio<1ll, 1000000000ll> >)::{lambda()#1}::operator()() const
 .text._ZNSt8functionIFbvEED2Ev
                0x0000000000000962       0x1a build/lpc40xx/compiled/source/main.cpp.o
                0x0000000000000962                std::function<bool ()>::~function()
                0x0000000000000962                std::function<bool ()>::~function()
 .text._ZN4sjsu4WaitENSt6chrono8durationIxSt5ratioILx1ELx1000000000EEEE
                0x000000000000097c       0x3a build/lpc40xx/compiled/source/main.cpp.o
                0x000000000000097c                sjsu::Wait(std::chrono::duration<long long, std::ratio<1ll, 1000000000ll> >)
 .text._ZN4sjsu5DelayENSt6chrono8durationIxSt5ratioILx1ELx1000000000EEEE
                0x00000000000009b6       0x20 build/lpc40xx/compiled/source/main.cpp.o
                0x00000000000009b6                sjsu::Delay(std::chrono::duration<long long, std::ratio<1ll, 1000000000ll> >)
 *fill*         0x00000000000009d6        0x2 ff
 .text.main     0x00000000000009d8       0x94 build/lpc40xx/compiled/source/main.cpp.o
                0x00000000000009d8                main
 .text._ZNSt8literals15chrono_literalsli2usIJLc49EEEENSt6chrono8durationIxSt5ratioILx1ELx1000000EEEEv
                0x0000000000000a6c       0x1a build/lpc40xx/compiled/source/main.cpp.o
                0x0000000000000a6c                std::chrono::duration<long long, std::ratio<1ll, 1000000ll> > std::literals::chrono_literals::operator"" us<(char)49>()
 .text._ZNSt6chrono8durationIxSt5ratioILx1ELx1000000000EEEC2IxS1_ILx1ELx1000000EEvEERKNS0_IT_T0_EE
                0x0000000000000a86       0x34 build/lpc40xx/compiled/source/main.cpp.o
                0x0000000000000a86                std::chrono::duration<long long, std::ratio<1ll, 1000000000ll> >::duration<long long, std::ratio<1ll, 1000000ll>, void>(std::chrono::duration<long long, std::ratio<1ll, 1000000ll> > const&)
                0x0000000000000a86                std::chrono::duration<long long, std::ratio<1ll, 1000000000ll> >::duration<long long, std::ratio<1ll, 1000000ll>, void>(std::chrono::duration<long long, std::ratio<1ll, 1000000ll> > const&)
 *fill*         0x0000000000000aba        0x2 ff
 .text._ZNSt8functionIFNSt6chrono8durationIxSt5ratioILx1ELx1000000000EEEEvEEC2IPS5_vvEET_
                0x0000000000000abc       0x54 build/lpc40xx/compiled/source/main.cpp.o
                0x0000000000000abc                std::function<std::chrono::duration<long long, std::ratio<1ll, 1000000000ll> > ()>::function<std::chrono::duration<long long, std::ratio<1ll, 1000000000ll> > (*)(), void, void>(std::chrono::duration<long long, std::ratio<1ll, 1000000000ll> > (*)())
                0x0000000000000abc                std::function<std::chrono::duration<long long, std::ratio<1ll, 1000000000ll> > ()>::function<std::chrono::duration<long long, std::ratio<1ll, 1000000000ll> > (*)(), void, void>(std::chrono::duration<long long, std::ratio<1ll, 1000000000ll> > (*)())
 .text._ZNSt6chrono8durationIxSt5ratioILx1ELx1000000000EEE3maxEv
                0x0000000000000b10       0x28 build/lpc40xx/compiled/source/main.cpp.o
                0x0000000000000b10                std::chrono::duration<long long, std::ratio<1ll, 1000000000ll> >::max()
 .text._ZNSt6chronoeqIxSt5ratioILx1ELx1000000000EExS2_EEbRKNS_8durationIT_T0_EERKNS3_IT1_T2_EE
                0x0000000000000b38       0x4e build/lpc40xx/compiled/source/main.cpp.o
                0x0000000000000b38                bool std::chrono::operator==<long long, std::ratio<1ll, 1000000000ll>, long long, std::ratio<1ll, 1000000000ll> >(std::chrono::duration<long long, std::ratio<1ll, 1000000000ll> > const&, std::chrono::duration<long long, std::ratio<1ll, 1000000000ll> > const&)
 .text._ZNKSt8functionIFNSt6chrono8durationIxSt5ratioILx1ELx1000000000EEEEvEEclEv
                0x0000000000000b86       0x32 build/lpc40xx/compiled/source/main.cpp.o
                0x0000000000000b86                std::function<std::chrono::duration<long long, std::ratio<1ll, 1000000000ll> > ()>::operator()() const
 .text._ZNSt6chronoplIxSt5ratioILx1ELx1000000000EExS2_EENSt11common_typeIJNS_8durationIT_T0_EENS4_IT1_T2_EEEE4typeERKS7_RKSA_
                0x0000000000000bb8       0x60 build/lpc40xx/compiled/source/main.cpp.o
                0x0000000000000bb8                std::common_type<std::chrono::duration<long long, std::ratio<1ll, 1000000000ll> >, std::chrono::duration<long long, std::ratio<1ll, 1000000000ll> > >::type std::chrono::operator+<long long, std::ratio<1ll, 1000000000ll>, long long, std::ratio<1ll, 1000000000ll> >(std::chrono::duration<long long, std::ratio<1ll, 1000000000ll> > const&, std::chrono::duration<long long, std::ratio<1ll, 1000000000ll> > const&)
 .text._ZNSt6chronoleIxSt5ratioILx1ELx1000000000EExS2_EEbRKNS_8durationIT_T0_EERKNS3_IT1_T2_EE
                0x0000000000000c18       0x22 build/lpc40xx/compiled/source/main.cpp.o
                0x0000000000000c18                bool std::chrono::operator<=<long long, std::ratio<1ll, 1000000000ll>, long long, std::ratio<1ll, 1000000000ll> >(std::chrono::duration<long long, std::ratio<1ll, 1000000000ll> > const&, std::chrono::duration<long long, std::ratio<1ll, 1000000000ll> > const&)
 .text._ZNKSt8functionIFbvEEclEv
                0x0000000000000c3a       0x2e build/lpc40xx/compiled/source/main.cpp.o
                0x0000000000000c3a                std::function<bool ()>::operator()() const
 .text._ZNSt8functionIFbvEEC2IZN4sjsu4WaitENSt6chrono8durationIxSt5ratioILx1ELx1000000000EEEEEUlvE_vvEET_
                0x0000000000000c68       0x54 build/lpc40xx/compiled/source/main.cpp.o
                0x0000000000000c68                std::function<bool ()>::function<sjsu::Wait(std::chrono::duration<long long, std::ratio<1ll, 1000000000ll> >)::{lambda()#1}, void, void>(sjsu::Wait(std::chrono::duration<long long, std::ratio<1ll, 1000000000ll> >)::{lambda()#1})
                0x0000000000000c68                std::function<bool ()>::function<sjsu::Wait(std::chrono::duration<long long, std::ratio<1ll, 1000000000ll> >)::{lambda()#1}, void, void>(sjsu::Wait(std::chrono::duration<long long, std::ratio<1ll, 1000000000ll> >)::{lambda()#1})
 .text._ZN4sjsu7LogInfoIJEEC2EPKcRKNSt12experimental15fundamentals_v215source_locationE
                0x0000000000000cbc       0x28 build/lpc40xx/compiled/source/main.cpp.o
                0x0000000000000cbc                sjsu::LogInfo<>::LogInfo(char const*, std::experimental::fundamentals_v2::source_location const&)
                0x0000000000000cbc                sjsu::LogInfo<>::LogInfo(char const*, std::experimental::fundamentals_v2::source_location const&)
 .text._ZN4sjsu7LogInfoIJhEEC2EPKchRKNSt12experimental15fundamentals_v215source_locationE
                0x0000000000000ce4       0x34 build/lpc40xx/compiled/source/main.cpp.o
                0x0000000000000ce4                sjsu::LogInfo<unsigned char>::LogInfo(char const*, unsigned char, std::experimental::fundamentals_v2::source_location const&)
                0x0000000000000ce4                sjsu::LogInfo<unsigned char>::LogInfo(char const*, unsigned char, std::experimental::fundamentals_v2::source_location const&)
 .text._ZNSt8literals15chrono_literalsli2msIJLc53ELc48ELc48EEEENSt6chrono8durationIxSt5ratioILx1ELx1000EEEEv
                0x0000000000000d18       0x1a build/lpc40xx/compiled/source/main.cpp.o
                0x0000000000000d18                std::chrono::duration<long long, std::ratio<1ll, 1000ll> > std::literals::chrono_literals::operator"" ms<(char)53, (char)48, (char)48>()
 .text._ZNSt6chrono8durationIxSt5ratioILx1ELx1000000000EEEC2IxS1_ILx1ELx1000EEvEERKNS0_IT_T0_EE
                0x0000000000000d32       0x34 build/lpc40xx/compiled/source/main.cpp.o
                0x0000000000000d32                std::chrono::duration<long long, std::ratio<1ll, 1000000000ll> >::duration<long long, std::ratio<1ll, 1000ll>, void>(std::chrono::duration<long long, std::ratio<1ll, 1000ll> > const&)
                0x0000000000000d32                std::chrono::duration<long long, std::ratio<1ll, 1000000000ll> >::duration<long long, std::ratio<1ll, 1000ll>, void>(std::chrono::duration<long long, std::ratio<1ll, 1000ll> > const&)
 .text._ZNSt8literals15chrono_literals16__check_overflowINSt6chrono8durationIxSt5ratioILx1ELx1000000EEEEJLc49EEEET_v
                0x0000000000000d66       0x28 build/lpc40xx/compiled/source/main.cpp.o
                0x0000000000000d66                std::chrono::duration<long long, std::ratio<1ll, 1000000ll> > std::literals::chrono_literals::__check_overflow<std::chrono::duration<long long, std::ratio<1ll, 1000000ll> >, (char)49>()
 .text._ZNSt6chrono13duration_castINS_8durationIxSt5ratioILx1ELx1000000000EEEExS2_ILx1ELx1000000EEEENSt9enable_ifIXsrNS_13__is_durationIT_EE5valueES8_E4typeERKNS1_IT0_T1_EE
                0x0000000000000d8e       0x1e build/lpc40xx/compiled/source/main.cpp.o
                0x0000000000000d8e                std::enable_if<std::chrono::__is_duration<std::chrono::duration<long long, std::ratio<1ll, 1000000000ll> > >::value, std::chrono::duration<long long, std::ratio<1ll, 1000000000ll> > >::type std::chrono::duration_cast<std::chrono::duration<long long, std::ratio<1ll, 1000000000ll> >, long long, std::ratio<1ll, 1000000ll> >(std::chrono::duration<long long, std::ratio<1ll, 1000000ll> > const&)
 .text._ZNSt14_Function_base13_Base_managerIPFNSt6chrono8durationIxSt5ratioILx1ELx1000000000EEEEvEE21_M_not_empty_functionIS6_EEbPT_
                0x0000000000000dac       0x20 build/lpc40xx/compiled/source/main.cpp.o
                0x0000000000000dac                bool std::_Function_base::_Base_manager<std::chrono::duration<long long, std::ratio<1ll, 1000000000ll> > (*)()>::_M_not_empty_function<std::chrono::duration<long long, std::ratio<1ll, 1000000000ll> > ()>(std::chrono::duration<long long, std::ratio<1ll, 1000000000ll> > (*)())
 .text._ZSt4moveIRPFNSt6chrono8durationIxSt5ratioILx1ELx1000000000EEEEvEEONSt16remove_referenceIT_E4typeEOS9_
                0x0000000000000dcc       0x16 build/lpc40xx/compiled/source/main.cpp.o
                0x0000000000000dcc                std::remove_reference<std::chrono::duration<long long, std::ratio<1ll, 1000000000ll> > (*&)()>::type&& std::move<std::chrono::duration<long long, std::ratio<1ll, 1000000000ll> > (*&)()>(std::chrono::duration<long long, std::ratio<1ll, 1000000000ll> > (*&)())
 .text._ZNSt14_Function_base13_Base_managerIPFNSt6chrono8durationIxSt5ratioILx1ELx1000000000EEEEvEE15_M_init_functorERSt9_Any_dataOS7_
                0x0000000000000de2       0x24 build/lpc40xx/compiled/source/main.cpp.o
                0x0000000000000de2                std::_Function_base::_Base_manager<std::chrono::duration<long long, std::ratio<1ll, 1000000000ll> > (*)()>::_M_init_functor(std::_Any_data&, std::chrono::duration<long long, std::ratio<1ll, 1000000000ll> > (*&&)())
 .text._ZNSt17_Function_handlerIFNSt6chrono8durationIxSt5ratioILx1ELx1000000000EEEEvEPS5_E9_M_invokeERKSt9_Any_data
                0x0000000000000e06       0x24 build/lpc40xx/compiled/source/main.cpp.o
                0x0000000000000e06                std::_Function_handler<std::chrono::duration<long long, std::ratio<1ll, 1000000000ll> > (), std::chrono::duration<long long, std::ratio<1ll, 1000000000ll> > (*)()>::_M_invoke(std::_Any_data const&)
 .text._ZNSt14_Function_base13_Base_managerIPFNSt6chrono8durationIxSt5ratioILx1ELx1000000000EEEEvEE10_M_managerERSt9_Any_dataRKS9_St18_Manager_operation
                0x0000000000000e2a       0x56 build/lpc40xx/compiled/source/main.cpp.o
                0x0000000000000e2a                std::_Function_base::_Base_manager<std::chrono::duration<long long, std::ratio<1ll, 1000000000ll> > (*)()>::_M_manager(std::_Any_data&, std::_Any_data const&, std::_Manager_operation)
 .text._ZNSt6chrono15duration_valuesIxE3maxEv
                0x0000000000000e80       0x12 build/lpc40xx/compiled/source/main.cpp.o
                0x0000000000000e80                std::chrono::duration_values<long long>::max()
 .text._ZNSt14_Function_base13_Base_managerIZN4sjsu4WaitENSt6chrono8durationIxSt5ratioILx1ELx1000000000EEEEEUlvE_E21_M_not_empty_functionIS7_EEbRKT_
                0x0000000000000e92       0x16 build/lpc40xx/compiled/source/main.cpp.o
                0x0000000000000e92                bool std::_Function_base::_Base_manager<sjsu::Wait(std::chrono::duration<long long, std::ratio<1ll, 1000000000ll> >)::{lambda()#1}>::_M_not_empty_function<{lambda()#1}>({lambda()#1} const&)
 .text._ZSt4moveIRZN4sjsu4WaitENSt6chrono8durationIxSt5ratioILx1ELx1000000000EEEEEUlvE_EONSt16remove_referenceIT_E4typeEOS9_
                0x0000000000000ea8       0x16 build/lpc40xx/compiled/source/main.cpp.o
                0x0000000000000ea8                std::remove_reference<sjsu::Wait(std::chrono::duration<long long, std::ratio<1ll, 1000000000ll> >)::{lambda()#1}&>::type&& std::move<sjsu::Wait(std::chrono::duration<long long, std::ratio<1ll, 1000000000ll> >)::{lambda()#1}&>(std::remove_reference&&)
 .text._ZNSt14_Function_base13_Base_managerIZN4sjsu4WaitENSt6chrono8durationIxSt5ratioILx1ELx1000000000EEEEEUlvE_E15_M_init_functorERSt9_Any_dataOS7_
                0x0000000000000ebe       0x24 build/lpc40xx/compiled/source/main.cpp.o
                0x0000000000000ebe                std::_Function_base::_Base_manager<sjsu::Wait(std::chrono::duration<long long, std::ratio<1ll, 1000000000ll> >)::{lambda()#1}>::_M_init_functor(std::_Any_data&, {lambda()#1}&&)
 .text._ZNSt17_Function_handlerIFbvEZN4sjsu4WaitENSt6chrono8durationIxSt5ratioILx1ELx1000000000EEEEEUlvE_E9_M_invokeERKSt9_Any_data
                0x0000000000000ee2       0x20 build/lpc40xx/compiled/source/main.cpp.o
                0x0000000000000ee2                std::_Function_handler<bool (), sjsu::Wait(std::chrono::duration<long long, std::ratio<1ll, 1000000000ll> >)::{lambda()#1}>::_M_invoke(std::_Any_data const&)
 .text._ZNSt14_Function_base13_Base_managerIZN4sjsu4WaitENSt6chrono8durationIxSt5ratioILx1ELx1000000000EEEEEUlvE_E10_M_managerERSt9_Any_dataRKS9_St18_Manager_operation
                0x0000000000000f02       0x56 build/lpc40xx/compiled/source/main.cpp.o
                0x0000000000000f02                std::_Function_base::_Base_manager<sjsu::Wait(std::chrono::duration<long long, std::ratio<1ll, 1000000000ll> >)::{lambda()#1}>::_M_manager(std::_Any_data&, std::_Function_base::_Base_manager<sjsu::Wait(std::chrono::duration<long long, std::ratio<1ll, 1000000000ll> >)::{lambda()#1}> const&, std::_Manager_operation)
 .text._ZNSt5arrayIcLj256EE4dataEv
                0x0000000000000f58       0x1a build/lpc40xx/compiled/source/main.cpp.o
                0x0000000000000f58                std::array<char, 256u>::data()
 .text._ZNSt14__array_traitsIcLj256EE6_S_ptrERA256_Kc
                0x0000000000000f72       0x16 build/lpc40xx/compiled/source/main.cpp.o
                0x0000000000000f72                std::__array_traits<char, 256u>::_S_ptr(char const (&) [256])
 .text._ZNKSt5arrayIcLj256EE4sizeEv
                0x0000000000000f88       0x18 build/lpc40xx/compiled/source/main.cpp.o
                0x0000000000000f88                std::array<char, 256u>::size() const
 .text._ZNKSt17basic_string_viewIcSt11char_traitsIcEE4sizeEv
                0x0000000000000fa0       0x18 build/lpc40xx/compiled/source/main.cpp.o
                0x0000000000000fa0                std::basic_string_view<char, std::char_traits<char> >::size() const
 .text._ZN4sjsu3LogIJEEC2EPKcS3_RKNSt12experimental15fundamentals_v215source_locationE
                0x0000000000000fb8      0x1dc build/lpc40xx/compiled/source/main.cpp.o
                0x0000000000000fb8                sjsu::Log<>::Log(char const*, char const*, std::experimental::fundamentals_v2::source_location const&)
                0x0000000000000fb8                sjsu::Log<>::Log(char const*, char const*, std::experimental::fundamentals_v2::source_location const&)
 .text._ZN4sjsu3LogIJhEEC2EPKcS3_hRKNSt12experimental15fundamentals_v215source_locationE
                0x0000000000001194      0x1e0 build/lpc40xx/compiled/source/main.cpp.o
                0x0000000000001194                sjsu::Log<unsigned char>::Log(char const*, char const*, unsigned char, std::experimental::fundamentals_v2::source_location const&)
                0x0000000000001194                sjsu::Log<unsigned char>::Log(char const*, char const*, unsigned char, std::experimental::fundamentals_v2::source_location const&)
 .text._ZNSt8literals15chrono_literals16__check_overflowINSt6chrono8durationIxSt5ratioILx1ELx1000EEEEJLc53ELc48ELc48EEEET_v
                0x0000000000001374       0x28 build/lpc40xx/compiled/source/main.cpp.o
                0x0000000000001374                std::chrono::duration<long long, std::ratio<1ll, 1000ll> > std::literals::chrono_literals::__check_overflow<std::chrono::duration<long long, std::ratio<1ll, 1000ll> >, (char)53, (char)48, (char)48>()
 .text._ZNSt6chrono13duration_castINS_8durationIxSt5ratioILx1ELx1000000000EEEExS2_ILx1ELx1000EEEENSt9enable_ifIXsrNS_13__is_durationIT_EE5valueES8_E4typeERKNS1_IT0_T1_EE
                0x000000000000139c       0x1e build/lpc40xx/compiled/source/main.cpp.o
                0x000000000000139c                std::enable_if<std::chrono::__is_duration<std::chrono::duration<long long, std::ratio<1ll, 1000000000ll> > >::value, std::chrono::duration<long long, std::ratio<1ll, 1000000000ll> > >::type std::chrono::duration_cast<std::chrono::duration<long long, std::ratio<1ll, 1000000000ll> >, long long, std::ratio<1ll, 1000ll> >(std::chrono::duration<long long, std::ratio<1ll, 1000ll> > const&)
 .text._ZSt3maxIiERKT_S2_S2_
                0x00000000000013ba       0x28 build/lpc40xx/compiled/source/main.cpp.o
                0x00000000000013ba                int const& std::max<int>(int const&, int const&)
 .text._ZNSt6chrono8durationIxSt5ratioILx1ELx1000000EEEC2IxvEERKT_
                0x00000000000013e2       0x24 build/lpc40xx/compiled/source/main.cpp.o
                0x00000000000013e2                std::chrono::duration<long long, std::ratio<1ll, 1000000ll> >::duration<long long, void>(long long const&)
                0x00000000000013e2                std::chrono::duration<long long, std::ratio<1ll, 1000000ll> >::duration<long long, void>(long long const&)
 .text._ZNKSt6chrono8durationIxSt5ratioILx1ELx1000000EEE5countEv
                0x0000000000001406       0x1c build/lpc40xx/compiled/source/main.cpp.o
                0x0000000000001406                std::chrono::duration<long long, std::ratio<1ll, 1000000ll> >::count() const
 .text._ZNSt6chrono20__duration_cast_implINS_8durationIxSt5ratioILx1ELx1000000000EEEES2_ILx1000ELx1EExLb0ELb1EE6__castIxS2_ILx1ELx1000000EEEES4_RKNS1_IT_T0_EE
                0x0000000000001422       0x74 build/lpc40xx/compiled/source/main.cpp.o
                0x0000000000001422                std::chrono::duration<long long, std::ratio<1ll, 1000000000ll> > std::chrono::__duration_cast_impl<std::chrono::duration<long long, std::ratio<1ll, 1000000000ll> >, std::ratio<1000ll, 1ll>, long long, false, true>::__cast<long long, std::ratio<1ll, 1000000ll> >(std::chrono::duration<long long, std::ratio<1ll, 1000000ll> > const&)
 .text._ZNSt14_Function_base13_Base_managerIPFNSt6chrono8durationIxSt5ratioILx1ELx1000000000EEEEvEE15_M_init_functorERSt9_Any_dataOS7_St17integral_constantIbLb1EE
                0x0000000000001496       0x32 build/lpc40xx/compiled/source/main.cpp.o
                0x0000000000001496                std::_Function_base::_Base_manager<std::chrono::duration<long long, std::ratio<1ll, 1000000000ll> > (*)()>::_M_init_functor(std::_Any_data&, std::chrono::duration<long long, std::ratio<1ll, 1000000000ll> > (*&&)(), std::integral_constant<bool, true>)
 .text._ZNSt14_Function_base13_Base_managerIPFNSt6chrono8durationIxSt5ratioILx1ELx1000000000EEEEvEE14_M_get_pointerERKSt9_Any_data
                0x00000000000014c8       0x20 build/lpc40xx/compiled/source/main.cpp.o
                0x00000000000014c8                std::_Function_base::_Base_manager<std::chrono::duration<long long, std::ratio<1ll, 1000000000ll> > (*)()>::_M_get_pointer(std::_Any_data const&)
 .text._ZNSt9_Any_data9_M_accessIPPFNSt6chrono8durationIxSt5ratioILx1ELx1000000000EEEEvEEERT_v
                0x00000000000014e8       0x18 build/lpc40xx/compiled/source/main.cpp.o
                0x00000000000014e8                std::chrono::duration<long long, std::ratio<1ll, 1000000000ll> > (**&std::_Any_data::_M_access<std::chrono::duration<long long, std::ratio<1ll, 1000000000ll> > (**)()>())()
 .text._ZNSt14_Function_base13_Base_managerIPFNSt6chrono8durationIxSt5ratioILx1ELx1000000000EEEEvEE8_M_cloneERSt9_Any_dataRKS9_St17integral_constantIbLb1EE
                0x0000000000001500       0x32 build/lpc40xx/compiled/source/main.cpp.o
                0x0000000000001500                std::_Function_base::_Base_manager<std::chrono::duration<long long, std::ratio<1ll, 1000000000ll> > (*)()>::_M_clone(std::_Any_data&, std::_Any_data const&, std::integral_constant<bool, true>)
 .text._ZNSt14_Function_base13_Base_managerIPFNSt6chrono8durationIxSt5ratioILx1ELx1000000000EEEEvEE10_M_destroyERSt9_Any_dataSt17integral_constantIbLb1EE
                0x0000000000001532       0x18 build/lpc40xx/compiled/source/main.cpp.o
                0x0000000000001532                std::_Function_base::_Base_manager<std::chrono::duration<long long, std::ratio<1ll, 1000000000ll> > (*)()>::_M_destroy(std::_Any_data&, std::integral_constant<bool, true>)
 .text._ZNSt14_Function_base13_Base_managerIZN4sjsu4WaitENSt6chrono8durationIxSt5ratioILx1ELx1000000000EEEEEUlvE_E15_M_init_functorERSt9_Any_dataOS7_St17integral_constantIbLb1EE
                0x000000000000154a       0x2a build/lpc40xx/compiled/source/main.cpp.o
                0x000000000000154a                std::_Function_base::_Base_manager<sjsu::Wait(std::chrono::duration<long long, std::ratio<1ll, 1000000000ll> >)::{lambda()#1}>::_M_init_functor(std::_Any_data&, {lambda()#1}&&, std::integral_constant<bool, true>)
 .text._ZNSt14_Function_base13_Base_managerIZN4sjsu4WaitENSt6chrono8durationIxSt5ratioILx1ELx1000000000EEEEEUlvE_E14_M_get_pointerERKSt9_Any_data
                0x0000000000001574       0x20 build/lpc40xx/compiled/source/main.cpp.o
                0x0000000000001574                std::_Function_base::_Base_manager<sjsu::Wait(std::chrono::duration<long long, std::ratio<1ll, 1000000000ll> >)::{lambda()#1}>::_M_get_pointer(std::_Any_data const&)
 .text._ZNSt9_Any_data9_M_accessIPZN4sjsu4WaitENSt6chrono8durationIxSt5ratioILx1ELx1000000000EEEEEUlvE_EERT_v
                0x0000000000001594       0x18 build/lpc40xx/compiled/source/main.cpp.o
                0x0000000000001594                sjsu::Wait(std::chrono::duration<long long, std::ratio<1ll, 1000000000ll> >)::{lambda()#1}*& std::_Any_data::_M_access<sjsu::Wait(std::chrono::duration<long long, std::ratio<1ll, 1000000000ll> >)::{lambda()#1}*>()
 .text._ZNSt14_Function_base13_Base_managerIZN4sjsu4WaitENSt6chrono8durationIxSt5ratioILx1ELx1000000000EEEEEUlvE_E8_M_cloneERSt9_Any_dataRKS9_St17integral_constantIbLb1EE
                0x00000000000015ac       0x2a build/lpc40xx/compiled/source/main.cpp.o
                0x00000000000015ac                std::_Function_base::_Base_manager<sjsu::Wait(std::chrono::duration<long long, std::ratio<1ll, 1000000000ll> >)::{lambda()#1}>::_M_clone(std::_Any_data&, std::_Function_base::_Base_manager<sjsu::Wait(std::chrono::duration<long long, std::ratio<1ll, 1000000000ll> >)::{lambda()#1}> const&, std::integral_constant<bool, true>)
 .text._ZNSt14_Function_base13_Base_managerIZN4sjsu4WaitENSt6chrono8durationIxSt5ratioILx1ELx1000000000EEEEEUlvE_E10_M_destroyERSt9_Any_dataSt17integral_constantIbLb1EE
                0x00000000000015d6       0x18 build/lpc40xx/compiled/source/main.cpp.o
                0x00000000000015d6                std::_Function_base::_Base_manager<sjsu::Wait(std::chrono::duration<long long, std::ratio<1ll, 1000000000ll> >)::{lambda()#1}>::_M_destroy(std::_Any_data&, std::integral_constant<bool, true>)
 .text._ZNSt5arrayIcLj256EEixEj
                0x00000000000015ee       0x1e build/lpc40xx/compiled/source/main.cpp.o
                0x00000000000015ee                std::array<char, 256u>::operator[](unsigned int)
 .text._ZNKSt17basic_string_viewIcSt11char_traitsIcEE5beginEv
                0x000000000000160c       0x18 build/lpc40xx/compiled/source/main.cpp.o
                0x000000000000160c                std::basic_string_view<char, std::char_traits<char> >::begin() const
 .text._ZNKSt17basic_string_viewIcSt11char_traitsIcEE3endEv
                0x0000000000001624       0x1e build/lpc40xx/compiled/source/main.cpp.o
                0x0000000000001624                std::basic_string_view<char, std::char_traits<char> >::end() const
 .text._ZSt4copyIPKcPcET0_T_S4_S3_
                0x0000000000001642       0x30 build/lpc40xx/compiled/source/main.cpp.o
                0x0000000000001642                char* std::copy<char const*, char*>(char const*, char const*, char*)
 .text._ZNSt6chrono8durationIxSt5ratioILx1ELx1000EEEC2IxvEERKT_
                0x0000000000001672       0x24 build/lpc40xx/compiled/source/main.cpp.o
                0x0000000000001672                std::chrono::duration<long long, std::ratio<1ll, 1000ll> >::duration<long long, void>(long long const&)
                0x0000000000001672                std::chrono::duration<long long, std::ratio<1ll, 1000ll> >::duration<long long, void>(long long const&)
 .text._ZNKSt6chrono8durationIxSt5ratioILx1ELx1000EEE5countEv
                0x0000000000001696       0x1c build/lpc40xx/compiled/source/main.cpp.o
                0x0000000000001696                std::chrono::duration<long long, std::ratio<1ll, 1000ll> >::count() const
 .text._ZNSt6chrono20__duration_cast_implINS_8durationIxSt5ratioILx1ELx1000000000EEEES2_ILx1000000ELx1EExLb0ELb1EE6__castIxS2_ILx1ELx1000EEEES4_RKNS1_IT_T0_EE
                0x00000000000016b2       0x86 build/lpc40xx/compiled/source/main.cpp.o
                0x00000000000016b2                std::chrono::duration<long long, std::ratio<1ll, 1000000000ll> > std::chrono::__duration_cast_impl<std::chrono::duration<long long, std::ratio<1ll, 1000000000ll> >, std::ratio<1000000ll, 1ll>, long long, false, true>::__cast<long long, std::ratio<1ll, 1000ll> >(std::chrono::duration<long long, std::ratio<1ll, 1000ll> > const&)
 .text._ZNKSt9_Any_data9_M_accessIPFNSt6chrono8durationIxSt5ratioILx1ELx1000000000EEEEvEEERKT_v
                0x0000000000001738       0x18 build/lpc40xx/compiled/source/main.cpp.o
                0x0000000000001738                std::chrono::duration<long long, std::ratio<1ll, 1000000000ll> > (* const&std::_Any_data::_M_access<std::chrono::duration<long long, std::ratio<1ll, 1000000000ll> > (*)()>() const)()
 .text._ZSt11__addressofIKPFNSt6chrono8durationIxSt5ratioILx1ELx1000000000EEEEvEEPT_RS8_
                0x0000000000001750       0x16 build/lpc40xx/compiled/source/main.cpp.o
                0x0000000000001750                std::chrono::duration<long long, std::ratio<1ll, 1000000000ll> > (* const*std::__addressof<std::chrono::duration<long long, std::ratio<1ll, 1000000000ll> > (* const)()>(std::chrono::duration<long long, std::ratio<1ll, 1000000000ll> > (* const&)()))()
 .text._ZNSt9_Any_data9_M_accessIPFNSt6chrono8durationIxSt5ratioILx1ELx1000000000EEEEvEEERT_v
                0x0000000000001766       0x18 build/lpc40xx/compiled/source/main.cpp.o
                0x0000000000001766                std::chrono::duration<long long, std::ratio<1ll, 1000000000ll> > (*&std::_Any_data::_M_access<std::chrono::duration<long long, std::ratio<1ll, 1000000000ll> > (*)()>())()
 .text._ZNKSt9_Any_data9_M_accessIZN4sjsu4WaitENSt6chrono8durationIxSt5ratioILx1ELx1000000000EEEEEUlvE_EERKT_v
                0x000000000000177e       0x18 build/lpc40xx/compiled/source/main.cpp.o
                0x000000000000177e                sjsu::Wait(std::chrono::duration<long long, std::ratio<1ll, 1000000000ll> >)::{lambda()#1} const& std::_Any_data::_M_access<sjsu::Wait(std::chrono::duration<long long, std::ratio<1ll, 1000000000ll> >)::{lambda()#1}>() const
 .text._ZSt11__addressofIKZN4sjsu4WaitENSt6chrono8durationIxSt5ratioILx1ELx1000000000EEEEEUlvE_EPT_RS8_
                0x0000000000001796       0x16 build/lpc40xx/compiled/source/main.cpp.o
                0x0000000000001796                sjsu::Wait(std::chrono::duration<long long, std::ratio<1ll, 1000000000ll> >)::{lambda()#1} const* std::__addressof<sjsu::Wait(std::chrono::duration<long long, std::ratio<1ll, 1000000000ll> >)::{lambda()#1} const>(sjsu::Wait(std::chrono::duration<long long, std::ratio<1ll, 1000000000ll> >)::{lambda()#1} const&)
 .text._ZNSt9_Any_data9_M_accessIZN4sjsu4WaitENSt6chrono8durationIxSt5ratioILx1ELx1000000000EEEEEUlvE_EERT_v
                0x00000000000017ac       0x18 build/lpc40xx/compiled/source/main.cpp.o
                0x00000000000017ac                sjsu::Wait(std::chrono::duration<long long, std::ratio<1ll, 1000000000ll> >)::{lambda()#1}& std::_Any_data::_M_access<sjsu::Wait(std::chrono::duration<long long, std::ratio<1ll, 1000000000ll> >)::{lambda()#1}>()
 .text._ZNSt14__array_traitsIcLj256EE6_S_refERA256_Kcj
                0x00000000000017c4       0x1c build/lpc40xx/compiled/source/main.cpp.o
                0x00000000000017c4                std::__array_traits<char, 256u>::_S_ref(char const (&) [256], unsigned int)
 .text._ZSt12__miter_baseIPKcET_S2_
                0x00000000000017e0       0x16 build/lpc40xx/compiled/source/main.cpp.o
                0x00000000000017e0                char const* std::__miter_base<char const*>(char const*)
 .text._ZSt14__copy_move_a2ILb0EPKcPcET1_T0_S4_S3_
                0x00000000000017f6       0x46 build/lpc40xx/compiled/source/main.cpp.o
                0x00000000000017f6                char* std::__copy_move_a2<false, char const*, char*>(char const*, char const*, char*)
 .text._ZSt12__niter_baseIPKcET_S2_
                0x000000000000183c       0x16 build/lpc40xx/compiled/source/main.cpp.o
                0x000000000000183c                char const* std::__niter_base<char const*>(char const*)
 .text._ZSt12__niter_baseIPcET_S1_
                0x0000000000001852       0x16 build/lpc40xx/compiled/source/main.cpp.o
                0x0000000000001852                char* std::__niter_base<char*>(char*)
 .text._ZSt13__copy_move_aILb0EPKcPcET1_T0_S4_S3_
                0x0000000000001868       0x24 build/lpc40xx/compiled/source/main.cpp.o
                0x0000000000001868                char* std::__copy_move_a<false, char const*, char*>(char const*, char const*, char*)
 .text._ZSt12__niter_wrapIPcET_RKS1_S1_
                0x000000000000188c       0x18 build/lpc40xx/compiled/source/main.cpp.o
                0x000000000000188c                char* std::__niter_wrap<char*>(char* const&, char*)
 .text._ZNSt11__copy_moveILb0ELb1ESt26random_access_iterator_tagE8__copy_mIcEEPT_PKS3_S6_S4_
                0x00000000000018a4       0x34 build/lpc40xx/compiled/source/main.cpp.o
                0x00000000000018a4                char* std::__copy_move<false, true, std::random_access_iterator_tag>::__copy_m<char>(char const*, char const*, char*)
 .text._Z41__static_initialization_and_destruction_0ii
                0x00000000000018d8       0x5c build/lpc40xx/compiled/source/main.cpp.o
 .text._GLOBAL__sub_I_main
                0x0000000000001934       0x10 build/lpc40xx/compiled/source/main.cpp.o
 .text._ZN4sjsu4HaltEv
                0x0000000000001944        0x8 build/lpc40xx/compiled//home/naterpotatoer/SJSU-Dev2/library/L3_Application/task_scheduler.cpp.o
                0x0000000000001944                sjsu::Halt()
 .text._ZN4sjsu8LogErrorIJEEC2EPKcRKNSt12experimental15fundamentals_v215source_locationE
                0x000000000000194c       0x28 build/lpc40xx/compiled//home/naterpotatoer/SJSU-Dev2/library/L3_Application/task_scheduler.cpp.o
                0x000000000000194c                sjsu::LogError<>::LogError(char const*, std::experimental::fundamentals_v2::source_location const&)
                0x000000000000194c                sjsu::LogError<>::LogError(char const*, std::experimental::fundamentals_v2::source_location const&)
 .text._Z41__static_initialization_and_destruction_0ii
                0x0000000000001974       0x5c build/lpc40xx/compiled//home/naterpotatoer/SJSU-Dev2/library/L3_Application/task_scheduler.cpp.o
 .text._GLOBAL__sub_I__ZN4sjsu4rtos13TaskScheduler7RunTaskEPv
                0x00000000000019d0       0x10 build/lpc40xx/compiled//home/naterpotatoer/SJSU-Dev2/library/L3_Application/task_scheduler.cpp.o
 .text._ZN5units8literalsli2_BEy
                0x00000000000019e0       0x2c build/lpc40xx/compiled//home/naterpotatoer/SJSU-Dev2/library/L3_Application/file_io/diskio.cpp.o
                0x00000000000019e0                units::literals::operator"" _B(unsigned long long)
 .text._ZN5units12linear_scaleIfEC2IJEEERKfDpOT_
                0x0000000000001a0c       0x20 build/lpc40xx/compiled//home/naterpotatoer/SJSU-Dev2/library/L3_Application/file_io/diskio.cpp.o
                0x0000000000001a0c                units::linear_scale<float>::linear_scale<>(float const&)
 .text._ZN4sjsu7Error_tC2ENS_6StatusESt17basic_string_viewIcSt11char_traitsIcEERKNSt12experimental15fundamentals_v215source_locationE
                0x0000000000001a2c       0x5c build/lpc40xx/compiled//home/naterpotatoer/SJSU-Dev2/library/L3_Application/file_io/diskio.cpp.o
                0x0000000000001a2c                sjsu::Error_t::Error_t(sjsu::Status, std::basic_string_view<char, std::char_traits<char> >, std::experimental::fundamentals_v2::source_location const&)
                0x0000000000001a2c                sjsu::Error_t::Error_t(sjsu::Status, std::basic_string_view<char, std::char_traits<char> >, std::experimental::fundamentals_v2::source_location const&)
 .text._ZN4sjsu7Error_t5PrintEv
                0x0000000000001a88       0x6c build/lpc40xx/compiled//home/naterpotatoer/SJSU-Dev2/library/L3_Application/file_io/diskio.cpp.o
                0x0000000000001a88                sjsu::Error_t::Print()
 .text._ZN4sjsu5ErrorENS_6StatusESt17basic_string_viewIcSt11char_traitsIcEERKNSt12experimental15fundamentals_v215source_locationE
                0x0000000000001af4       0x42 build/lpc40xx/compiled//home/naterpotatoer/SJSU-Dev2/library/L3_Application/file_io/diskio.cpp.o
                0x0000000000001af4                sjsu::Error(sjsu::Status, std::basic_string_view<char, std::char_traits<char> >, std::experimental::fundamentals_v2::source_location const&)
 .text._ZN2tl6detail24expected_operations_baseIvN4sjsu7Error_tEEC2Ev
                0x0000000000001b36       0x1a build/lpc40xx/compiled//home/naterpotatoer/SJSU-Dev2/library/L3_Application/file_io/diskio.cpp.o
                0x0000000000001b36                tl::detail::expected_operations_base<void, sjsu::Error_t>::expected_operations_base()
                0x0000000000001b36                tl::detail::expected_operations_base<void, sjsu::Error_t>::expected_operations_base()
 .text._ZN2tl6detail18expected_copy_baseIvN4sjsu7Error_tELb1EEC2Ev
                0x0000000000001b50       0x1a build/lpc40xx/compiled//home/naterpotatoer/SJSU-Dev2/library/L3_Application/file_io/diskio.cpp.o
                0x0000000000001b50                tl::detail::expected_copy_base<void, sjsu::Error_t, true>::expected_copy_base()
                0x0000000000001b50                tl::detail::expected_copy_base<void, sjsu::Error_t, true>::expected_copy_base()
 .text._ZN2tl6detail18expected_move_baseIvN4sjsu7Error_tELb1EEC2Ev
                0x0000000000001b6a       0x1a build/lpc40xx/compiled//home/naterpotatoer/SJSU-Dev2/library/L3_Application/file_io/diskio.cpp.o
                0x0000000000001b6a                tl::detail::expected_move_base<void, sjsu::Error_t, true>::expected_move_base()
                0x0000000000001b6a                tl::detail::expected_move_base<void, sjsu::Error_t, true>::expected_move_base()
 .text._ZN2tl6detail25expected_copy_assign_baseIvN4sjsu7Error_tELb1EEC2Ev
                0x0000000000001b84       0x1a build/lpc40xx/compiled//home/naterpotatoer/SJSU-Dev2/library/L3_Application/file_io/diskio.cpp.o
                0x0000000000001b84                tl::detail::expected_copy_assign_base<void, sjsu::Error_t, true>::expected_copy_assign_base()
                0x0000000000001b84                tl::detail::expected_copy_assign_base<void, sjsu::Error_t, true>::expected_copy_assign_base()
 .text._ZN2tl6detail25expected_move_assign_baseIvN4sjsu7Error_tELb1EEC2Ev
                0x0000000000001b9e       0x1a build/lpc40xx/compiled//home/naterpotatoer/SJSU-Dev2/library/L3_Application/file_io/diskio.cpp.o
                0x0000000000001b9e                tl::detail::expected_move_assign_base<void, sjsu::Error_t, true>::expected_move_assign_base()
                0x0000000000001b9e                tl::detail::expected_move_assign_base<void, sjsu::Error_t, true>::expected_move_assign_base()
 .text._ZN2tl8expectedIvN4sjsu7Error_tEEC2Ev
                0x0000000000001bb8       0x1a build/lpc40xx/compiled//home/naterpotatoer/SJSU-Dev2/library/L3_Application/file_io/diskio.cpp.o
                0x0000000000001bb8                tl::expected<void, sjsu::Error_t>::expected()
                0x0000000000001bb8                tl::expected<void, sjsu::Error_t>::expected()
 .text._ZZN4sjsu11GetInactiveINS_7StorageEEERT_vEN15InactiveStorage13GetMemoryTypeEv
                0x0000000000001bd2       0x16 build/lpc40xx/compiled//home/naterpotatoer/SJSU-Dev2/library/L3_Application/file_io/diskio.cpp.o
                0x0000000000001bd2                sjsu::GetInactive<sjsu::Storage>()::InactiveStorage::GetMemoryType()
 .text._ZZN4sjsu11GetInactiveINS_7StorageEEERT_vEN15InactiveStorage10InitializeEv
                0x0000000000001be8       0x26 build/lpc40xx/compiled//home/naterpotatoer/SJSU-Dev2/library/L3_Application/file_io/diskio.cpp.o
                0x0000000000001be8                sjsu::GetInactive<sjsu::Storage>()::InactiveStorage::Initialize()
 .text._ZZN4sjsu11GetInactiveINS_7StorageEEERT_vEN15InactiveStorage14IsMediaPresentEv
                0x0000000000001c0e       0x16 build/lpc40xx/compiled//home/naterpotatoer/SJSU-Dev2/library/L3_Application/file_io/diskio.cpp.o
                0x0000000000001c0e                sjsu::GetInactive<sjsu::Storage>()::InactiveStorage::IsMediaPresent()
 .text._ZZN4sjsu11GetInactiveINS_7StorageEEERT_vEN15InactiveStorage6EnableEv
                0x0000000000001c24       0x26 build/lpc40xx/compiled//home/naterpotatoer/SJSU-Dev2/library/L3_Application/file_io/diskio.cpp.o
                0x0000000000001c24                sjsu::GetInactive<sjsu::Storage>()::InactiveStorage::Enable()
 .text._ZZN4sjsu11GetInactiveINS_7StorageEEERT_vEN15InactiveStorage10IsReadOnlyEv
                0x0000000000001c4a       0x16 build/lpc40xx/compiled//home/naterpotatoer/SJSU-Dev2/library/L3_Application/file_io/diskio.cpp.o
                0x0000000000001c4a                sjsu::GetInactive<sjsu::Storage>()::InactiveStorage::IsReadOnly()
 .text._ZZN4sjsu11GetInactiveINS_7StorageEEERT_vEN15InactiveStorage11GetCapacityEv
                0x0000000000001c60       0x1e build/lpc40xx/compiled//home/naterpotatoer/SJSU-Dev2/library/L3_Application/file_io/diskio.cpp.o
                0x0000000000001c60                sjsu::GetInactive<sjsu::Storage>()::InactiveStorage::GetCapacity()
 .text._ZZN4sjsu11GetInactiveINS_7StorageEEERT_vEN15InactiveStorage12GetBlockSizeEv
                0x0000000000001c7e       0x1e build/lpc40xx/compiled//home/naterpotatoer/SJSU-Dev2/library/L3_Application/file_io/diskio.cpp.o
                0x0000000000001c7e                sjsu::GetInactive<sjsu::Storage>()::InactiveStorage::GetBlockSize()
 .text._ZZN4sjsu11GetInactiveINS_7StorageEEERT_vEN15InactiveStorage5EraseEmj
                0x0000000000001c9c       0x2a build/lpc40xx/compiled//home/naterpotatoer/SJSU-Dev2/library/L3_Application/file_io/diskio.cpp.o
                0x0000000000001c9c                sjsu::GetInactive<sjsu::Storage>()::InactiveStorage::Erase(unsigned long, unsigned int)
 .text._ZZN4sjsu11GetInactiveINS_7StorageEEERT_vEN15InactiveStorage5WriteEmPKvj
                0x0000000000001cc6       0x2a build/lpc40xx/compiled//home/naterpotatoer/SJSU-Dev2/library/L3_Application/file_io/diskio.cpp.o
                0x0000000000001cc6                sjsu::GetInactive<sjsu::Storage>()::InactiveStorage::Write(unsigned long, void const*, unsigned int)
 .text._ZZN4sjsu11GetInactiveINS_7StorageEEERT_vEN15InactiveStorage4ReadEmPvj
                0x0000000000001cf0       0x2a build/lpc40xx/compiled//home/naterpotatoer/SJSU-Dev2/library/L3_Application/file_io/diskio.cpp.o
                0x0000000000001cf0                sjsu::GetInactive<sjsu::Storage>()::InactiveStorage::Read(unsigned long, void*, unsigned int)
 .text._ZZN4sjsu11GetInactiveINS_7StorageEEERT_vEN15InactiveStorage7DisableEv
                0x0000000000001d1a       0x26 build/lpc40xx/compiled//home/naterpotatoer/SJSU-Dev2/library/L3_Application/file_io/diskio.cpp.o
                0x0000000000001d1a                sjsu::GetInactive<sjsu::Storage>()::InactiveStorage::Disable()
 .text._ZN4sjsu11GetInactiveINS_7StorageEEERT_v
                0x0000000000001d40       0x14 build/lpc40xx/compiled//home/naterpotatoer/SJSU-Dev2/library/L3_Application/file_io/diskio.cpp.o
                0x0000000000001d40                sjsu::Storage& sjsu::GetInactive<sjsu::Storage>()
 .text._ZN12_GLOBAL__N_113FatfsDevice_tC2Ev
                0x0000000000001d54       0x28 build/lpc40xx/compiled//home/naterpotatoer/SJSU-Dev2/library/L3_Application/file_io/diskio.cpp.o
 .text._ZNSt5arrayIN12_GLOBAL__N_113FatfsDevice_tELj1EEC2Ev
                0x0000000000001d7c       0x30 build/lpc40xx/compiled//home/naterpotatoer/SJSU-Dev2/library/L3_Application/file_io/diskio.cpp.o
 .text._ZNKSt17basic_string_viewIcSt11char_traitsIcEE4dataEv
                0x0000000000001dac       0x18 build/lpc40xx/compiled//home/naterpotatoer/SJSU-Dev2/library/L3_Application/file_io/diskio.cpp.o
                0x0000000000001dac                std::basic_string_view<char, std::char_traits<char> >::data() const
 .text._ZN5units6unit_tINS_4unitISt5ratioILx1ELx1EENS_9base_unitIS2_ILx0ELx1EES5_S5_S5_S5_S5_S5_S5_S3_EES5_S5_EEfNS_12linear_scaleEEC2IJEEEfDpRKT_
                0x0000000000001dc4       0x22 build/lpc40xx/compiled//home/naterpotatoer/SJSU-Dev2/library/L3_Application/file_io/diskio.cpp.o
                0x0000000000001dc4                units::unit_t<units::unit<std::ratio<1ll, 1ll>, units::base_unit<std::ratio<0ll, 1ll>, std::ratio<0ll, 1ll>, std::ratio<0ll, 1ll>, std::ratio<0ll, 1ll>, std::ratio<0ll, 1ll>, std::ratio<0ll, 1ll>, std::ratio<0ll, 1ll>, std::ratio<0ll, 1ll>, std::ratio<1ll, 1ll> >, std::ratio<0ll, 1ll>, std::ratio<0ll, 1ll> >, float, units::linear_scale>::unit_t<>(float)
                0x0000000000001dc4                units::unit_t<units::unit<std::ratio<1ll, 1ll>, units::base_unit<std::ratio<0ll, 1ll>, std::ratio<0ll, 1ll>, std::ratio<0ll, 1ll>, std::ratio<0ll, 1ll>, std::ratio<0ll, 1ll>, std::ratio<0ll, 1ll>, std::ratio<0ll, 1ll>, std::ratio<0ll, 1ll>, std::ratio<1ll, 1ll> >, std::ratio<0ll, 1ll>, std::ratio<0ll, 1ll> >, float, units::linear_scale>::unit_t<>(float)
 .text._ZN2tl10unexpectedIN4sjsu7Error_tEEC2EOS2_
                0x0000000000001de6       0x2e build/lpc40xx/compiled//home/naterpotatoer/SJSU-Dev2/library/L3_Application/file_io/diskio.cpp.o
                0x0000000000001de6                tl::unexpected<sjsu::Error_t>::unexpected(sjsu::Error_t&&)
                0x0000000000001de6                tl::unexpected<sjsu::Error_t>::unexpected(sjsu::Error_t&&)
 .text._ZNK5units12linear_scaleIfEclEv
                0x0000000000001e14       0x1e build/lpc40xx/compiled//home/naterpotatoer/SJSU-Dev2/library/L3_Application/file_io/diskio.cpp.o
                0x0000000000001e14                units::linear_scale<float>::operator()() const
 .text._ZN2tl6detail21expected_storage_baseIvN4sjsu7Error_tELb0ELb1EEC2Ev
                0x0000000000001e32       0x1e build/lpc40xx/compiled//home/naterpotatoer/SJSU-Dev2/library/L3_Application/file_io/diskio.cpp.o
                0x0000000000001e32                tl::detail::expected_storage_base<void, sjsu::Error_t, false, true>::expected_storage_base()
                0x0000000000001e32                tl::detail::expected_storage_base<void, sjsu::Error_t, false, true>::expected_storage_base()
 .text._ZN2tl6detail24expected_operations_baseIvN4sjsu7Error_tEECI2NS0_21expected_storage_baseIvS3_Lb0ELb1EEEIJS3_ELPv0EEENS_10unexpect_tEDpOT_
                0x0000000000001e50       0x22 build/lpc40xx/compiled//home/naterpotatoer/SJSU-Dev2/library/L3_Application/file_io/diskio.cpp.o
                0x0000000000001e50                tl::detail::expected_operations_base<void, sjsu::Error_t>::expected_storage_base<sjsu::Error_t, (void*)0>(tl::unexpect_t, sjsu::Error_t&&)
                0x0000000000001e50                tl::detail::expected_operations_base<void, sjsu::Error_t>::expected_storage_base<sjsu::Error_t, (void*)0>(tl::unexpect_t, sjsu::Error_t&&)
 .text._ZN2tl6detail18expected_copy_baseIvN4sjsu7Error_tELb1EECI2NS0_21expected_storage_baseIvS3_Lb0ELb1EEEIJS3_ELPv0EEENS_10unexpect_tEDpOT_
                0x0000000000001e72       0x22 build/lpc40xx/compiled//home/naterpotatoer/SJSU-Dev2/library/L3_Application/file_io/diskio.cpp.o
                0x0000000000001e72                tl::detail::expected_copy_base<void, sjsu::Error_t, true>::expected_storage_base<sjsu::Error_t, (void*)0>(tl::unexpect_t, sjsu::Error_t&&)
                0x0000000000001e72                tl::detail::expected_copy_base<void, sjsu::Error_t, true>::expected_storage_base<sjsu::Error_t, (void*)0>(tl::unexpect_t, sjsu::Error_t&&)
 .text._ZN2tl6detail18expected_move_baseIvN4sjsu7Error_tELb1EECI2NS0_21expected_storage_baseIvS3_Lb0ELb1EEEIJS3_ELPv0EEENS_10unexpect_tEDpOT_
                0x0000000000001e94       0x22 build/lpc40xx/compiled//home/naterpotatoer/SJSU-Dev2/library/L3_Application/file_io/diskio.cpp.o
                0x0000000000001e94                tl::detail::expected_move_base<void, sjsu::Error_t, true>::expected_storage_base<sjsu::Error_t, (void*)0>(tl::unexpect_t, sjsu::Error_t&&)
                0x0000000000001e94                tl::detail::expected_move_base<void, sjsu::Error_t, true>::expected_storage_base<sjsu::Error_t, (void*)0>(tl::unexpect_t, sjsu::Error_t&&)
 .text._ZN2tl6detail25expected_copy_assign_baseIvN4sjsu7Error_tELb1EECI2NS0_21expected_storage_baseIvS3_Lb0ELb1EEEIJS3_ELPv0EEENS_10unexpect_tEDpOT_
                0x0000000000001eb6       0x22 build/lpc40xx/compiled//home/naterpotatoer/SJSU-Dev2/library/L3_Application/file_io/diskio.cpp.o
                0x0000000000001eb6                tl::detail::expected_copy_assign_base<void, sjsu::Error_t, true>::expected_storage_base<sjsu::Error_t, (void*)0>(tl::unexpect_t, sjsu::Error_t&&)
                0x0000000000001eb6                tl::detail::expected_copy_assign_base<void, sjsu::Error_t, true>::expected_storage_base<sjsu::Error_t, (void*)0>(tl::unexpect_t, sjsu::Error_t&&)
 .text._ZN2tl6detail25expected_move_assign_baseIvN4sjsu7Error_tELb1EECI2NS0_21expected_storage_baseIvS3_Lb0ELb1EEEIJS3_ELPv0EEENS_10unexpect_tEDpOT_
                0x0000000000001ed8       0x22 build/lpc40xx/compiled//home/naterpotatoer/SJSU-Dev2/library/L3_Application/file_io/diskio.cpp.o
                0x0000000000001ed8                tl::detail::expected_move_assign_base<void, sjsu::Error_t, true>::expected_storage_base<sjsu::Error_t, (void*)0>(tl::unexpect_t, sjsu::Error_t&&)
                0x0000000000001ed8                tl::detail::expected_move_assign_base<void, sjsu::Error_t, true>::expected_storage_base<sjsu::Error_t, (void*)0>(tl::unexpect_t, sjsu::Error_t&&)
 .text._ZN2tl8expectedIvN4sjsu7Error_tEEC2IS2_LPv0ELS5_0EEEONS_10unexpectedIT_EE
                0x0000000000001efa       0x38 build/lpc40xx/compiled//home/naterpotatoer/SJSU-Dev2/library/L3_Application/file_io/diskio.cpp.o
                0x0000000000001efa                tl::expected<void, sjsu::Error_t>::expected<sjsu::Error_t, (void*)0, (void*)0>(tl::unexpected<sjsu::Error_t>&&)
                0x0000000000001efa                tl::expected<void, sjsu::Error_t>::expected<sjsu::Error_t, (void*)0, (void*)0>(tl::unexpected<sjsu::Error_t>&&)
 .text._ZSt4moveIRN4sjsu7Error_tEEONSt16remove_referenceIT_E4typeEOS4_
                0x0000000000001f32       0x16 build/lpc40xx/compiled//home/naterpotatoer/SJSU-Dev2/library/L3_Application/file_io/diskio.cpp.o
                0x0000000000001f32                std::remove_reference<sjsu::Error_t&>::type&& std::move<sjsu::Error_t&>(sjsu::Error_t&)
 .text._ZNR2tl10unexpectedIN4sjsu7Error_tEE5valueEv
                0x0000000000001f48       0x16 build/lpc40xx/compiled//home/naterpotatoer/SJSU-Dev2/library/L3_Application/file_io/diskio.cpp.o
                0x0000000000001f48                tl::unexpected<sjsu::Error_t>::value() &
 .text._ZSt7forwardIN4sjsu7Error_tEEOT_RNSt16remove_referenceIS2_E4typeE
                0x0000000000001f5e       0x16 build/lpc40xx/compiled//home/naterpotatoer/SJSU-Dev2/library/L3_Application/file_io/diskio.cpp.o
                0x0000000000001f5e                sjsu::Error_t&& std::forward<sjsu::Error_t>(std::remove_reference<sjsu::Error_t>::type&)
 .text._ZN2tl6detail21expected_storage_baseIvN4sjsu7Error_tELb0ELb1EEC2IJS3_ELPv0EEENS_10unexpect_tEDpOT_
                0x0000000000001f74       0x30 build/lpc40xx/compiled//home/naterpotatoer/SJSU-Dev2/library/L3_Application/file_io/diskio.cpp.o
                0x0000000000001f74                tl::detail::expected_storage_base<void, sjsu::Error_t, false, true>::expected_storage_base<sjsu::Error_t, (void*)0>(tl::unexpect_t, sjsu::Error_t&&)
                0x0000000000001f74                tl::detail::expected_storage_base<void, sjsu::Error_t, false, true>::expected_storage_base<sjsu::Error_t, (void*)0>(tl::unexpect_t, sjsu::Error_t&&)
 .text._ZN2tl6detail26expected_default_ctor_baseIvN4sjsu7Error_tELb1EEC2ENS0_23default_constructor_tagE
                0x0000000000001fa4       0x18 build/lpc40xx/compiled//home/naterpotatoer/SJSU-Dev2/library/L3_Application/file_io/diskio.cpp.o
                0x0000000000001fa4                tl::detail::expected_default_ctor_base<void, sjsu::Error_t, true>::expected_default_ctor_base(tl::detail::default_constructor_tag)
                0x0000000000001fa4                tl::detail::expected_default_ctor_base<void, sjsu::Error_t, true>::expected_default_ctor_base(tl::detail::default_constructor_tag)
 .text._Z41__static_initialization_and_destruction_0ii
                0x0000000000001fbc       0x98 build/lpc40xx/compiled//home/naterpotatoer/SJSU-Dev2/library/L3_Application/file_io/diskio.cpp.o
 .text._GLOBAL__sub_I__ZN4sjsu18RegisterFatFsDriveEPNS_7StorageEh
                0x0000000000002054       0x10 build/lpc40xx/compiled//home/naterpotatoer/SJSU-Dev2/library/L3_Application/file_io/diskio.cpp.o
 .text._ZN4sjsu21InitializeDataSectionEv
                0x0000000000002064       0x54 /home/naterpotatoer/SJSU-Dev2/library/static_libraries/lpc40xx/liblpc40xx.a(exceptions.cpp.o)
                0x0000000000002064                sjsu::InitializeDataSection()
 .text._ZN4sjsu20InitializeBssSectionEv
                0x00000000000020b8       0x44 /home/naterpotatoer/SJSU-Dev2/library/static_libraries/lpc40xx/liblpc40xx.a(exceptions.cpp.o)
                0x00000000000020b8                sjsu::InitializeBssSection()
 .text._ZN4sjsu16SystemInitializeEv
                0x00000000000020fc       0x14 /home/naterpotatoer/SJSU-Dev2/library/static_libraries/lpc40xx/liblpc40xx.a(exceptions.cpp.o)
                0x00000000000020fc                sjsu::SystemInitialize()
 .text._ZN4sjsu5debug14PrintBacktraceEbPv
                0x0000000000002110       0x18 /home/naterpotatoer/SJSU-Dev2/library/static_libraries/lpc40xx/liblpc40xx.a(exceptions.cpp.o)
                0x0000000000002110                sjsu::debug::PrintBacktrace(bool, void*)
 .text.GetRegistersFromStack
                0x0000000000002128       0x84 /home/naterpotatoer/SJSU-Dev2/library/static_libraries/lpc40xx/liblpc40xx.a(exceptions.cpp.o)
                0x0000000000002128                GetRegistersFromStack
 .text.ArmHardFaultHandler
                0x00000000000021ac       0x26 /home/naterpotatoer/SJSU-Dev2/library/static_libraries/lpc40xx/liblpc40xx.a(exceptions.cpp.o)
                0x00000000000021ac                ArmHardFaultHandler
 *fill*         0x00000000000021d2        0x2 ff
 .text.ArmResetHandler
                0x00000000000021d4       0x80 /home/naterpotatoer/SJSU-Dev2/library/static_libraries/lpc40xx/liblpc40xx.a(exceptions.cpp.o)
                0x00000000000021d4                ArmResetHandler
 .text._Z41__static_initialization_and_destruction_0ii
                0x0000000000002254       0x5c /home/naterpotatoer/SJSU-Dev2/library/static_libraries/lpc40xx/liblpc40xx.a(exceptions.cpp.o)
 .text._GLOBAL__sub_I_GetRegistersFromStack
                0x00000000000022b0       0x10 /home/naterpotatoer/SJSU-Dev2/library/static_libraries/lpc40xx/liblpc40xx.a(exceptions.cpp.o)
 .text.vTaskSwitchContext
                0x00000000000022c0       0xc4 /home/naterpotatoer/SJSU-Dev2/library/static_libraries/lpc40xx/libfreertos.a(tasks.c.o)
                0x00000000000022c0                vTaskSwitchContext
 .text._getpid  0x0000000000002384       0x10 /home/naterpotatoer/SJSU-Dev2/library/static_libraries/lpc40xx/libnewlib.a(newlib.cpp.o)
                0x0000000000002384                _getpid
 .text._kill    0x0000000000002394       0x1a /home/naterpotatoer/SJSU-Dev2/library/static_libraries/lpc40xx/libnewlib.a(newlib.cpp.o)
                0x0000000000002394                _kill
 *fill*         0x00000000000023ae        0x2 ff
 .text._write   0x00000000000023b0       0x30 /home/naterpotatoer/SJSU-Dev2/library/static_libraries/lpc40xx/libnewlib.a(newlib.cpp.o)
                0x00000000000023b0                _write
 .text.fputs    0x00000000000023e0       0x3c /home/naterpotatoer/SJSU-Dev2/library/static_libraries/lpc40xx/libnewlib.a(newlib.cpp.o)
                0x00000000000023e0                fputs
 .text._exit    0x000000000000241c        0xc /home/naterpotatoer/SJSU-Dev2/library/static_libraries/lpc40xx/libnewlib.a(newlib.cpp.o)
                0x000000000000241c                _exit
 .text._Z10_out_chunkcPvjj
                0x0000000000002428       0x72 /home/naterpotatoer/SJSU-Dev2/library/static_libraries/lpc40xx/libprintf.a(printf.cpp.o)
                0x0000000000002428                _out_chunk(char, void*, unsigned int, unsigned int)
 .text._ZL11_out_buffercPvjj
                0x000000000000249a       0x2e /home/naterpotatoer/SJSU-Dev2/library/static_libraries/lpc40xx/libprintf.a(printf.cpp.o)
 .text._ZL9_out_nullcPvjj
                0x00000000000024c8       0x1c /home/naterpotatoer/SJSU-Dev2/library/static_libraries/lpc40xx/libprintf.a(printf.cpp.o)
 .text._ZL10_strnlen_sPKcj
                0x00000000000024e4       0x44 /home/naterpotatoer/SJSU-Dev2/library/static_libraries/lpc40xx/libprintf.a(printf.cpp.o)
 .text._ZL9_is_digitc
                0x0000000000002528       0x28 /home/naterpotatoer/SJSU-Dev2/library/static_libraries/lpc40xx/libprintf.a(printf.cpp.o)
 .text._ZL5_atoiPPKc
                0x0000000000002550       0x48 /home/naterpotatoer/SJSU-Dev2/library/static_libraries/lpc40xx/libprintf.a(printf.cpp.o)
 .text._ZL8_out_revPFvcPvjjEPcjjPKcjjj
                0x0000000000002598       0xa0 /home/naterpotatoer/SJSU-Dev2/library/static_libraries/lpc40xx/libprintf.a(printf.cpp.o)
 .text._ZL12_ntoa_formatPFvcPvjjEPcjjS2_jbjjjj
                0x0000000000002638      0x1b8 /home/naterpotatoer/SJSU-Dev2/library/static_libraries/lpc40xx/libprintf.a(printf.cpp.o)
 .text._ZL10_ntoa_longPFvcPvjjEPcjjmbmjjj
                0x00000000000027f0       0xd0 /home/naterpotatoer/SJSU-Dev2/library/static_libraries/lpc40xx/libprintf.a(printf.cpp.o)
 .text._ZL15_ntoa_long_longPFvcPvjjEPcjjybyjjj
                0x00000000000028c0       0xde /home/naterpotatoer/SJSU-Dev2/library/static_libraries/lpc40xx/libprintf.a(printf.cpp.o)
 .text._ZL10_PowerOf10m
                0x000000000000299e       0x46 /home/naterpotatoer/SJSU-Dev2/library/static_libraries/lpc40xx/libprintf.a(printf.cpp.o)
 .text._ZL15_imprecise_ftoaPFvcPvjjEPcjjfjj
                0x00000000000029e4       0xfc /home/naterpotatoer/SJSU-Dev2/library/static_libraries/lpc40xx/libprintf.a(printf.cpp.o)
 .text._ZL10_vsnprintfPFvcPvjjEPcjPKcSt9__va_list
                0x0000000000002ae0      0x8e8 /home/naterpotatoer/SJSU-Dev2/library/static_libraries/lpc40xx/libprintf.a(printf.cpp.o)
 .text.printf   0x00000000000033c8       0x44 /home/naterpotatoer/SJSU-Dev2/library/static_libraries/lpc40xx/libprintf.a(printf.cpp.o)
                0x00000000000033c8                printf
 .text.snprintf
                0x000000000000340c       0x38 /home/naterpotatoer/SJSU-Dev2/library/static_libraries/lpc40xx/libprintf.a(printf.cpp.o)
                0x000000000000340c                snprintf
 .text._ZSt3minIjERKT_S2_S2_
                0x0000000000003444       0x28 /home/naterpotatoer/SJSU-Dev2/library/static_libraries/lpc40xx/libprintf.a(printf.cpp.o)
                0x0000000000003444                unsigned int const& std::min<unsigned int>(unsigned int const&, unsigned int const&)
 .text.trace_initialize
                0x000000000000346c        0xe /home/naterpotatoer/SJSU-Dev2/library/static_libraries/lpc40xx/libsemihost.a(trace_impl.cpp.o)
                0x000000000000346c                trace_initialize
 .text.trace_write
                0x000000000000347a       0x1e /home/naterpotatoer/SJSU-Dev2/library/static_libraries/lpc40xx/libsemihost.a(trace_impl.cpp.o)
                0x000000000000347a                trace_write
 .text._ZL31_trace_write_semihosting_stdoutPKcj
                0x0000000000003498       0xc8 /home/naterpotatoer/SJSU-Dev2/library/static_libraries/lpc40xx/libsemihost.a(trace_impl.cpp.o)
 .text._ZN4sjsu6cortex10DwtCounter10InitializeEv
                0x0000000000003560       0x44 /home/naterpotatoer/SJSU-Dev2/library/static_libraries/lpc40xx/liblpc40xx.a(startup.cpp.o)
                0x0000000000003560                sjsu::cortex::DwtCounter::Initialize()
 .text._ZN4sjsu6cortex10DwtCounter8GetCountEv
                0x00000000000035a4       0x20 /home/naterpotatoer/SJSU-Dev2/library/static_libraries/lpc40xx/liblpc40xx.a(startup.cpp.o)
                0x00000000000035a4                sjsu::cortex::DwtCounter::GetCount()
 .text._ZN4sjsu6cortex27InitializeFloatingPointUnitEv
                0x00000000000035c4       0x28 /home/naterpotatoer/SJSU-Dev2/library/static_libraries/lpc40xx/liblpc40xx.a(startup.cpp.o)
                0x00000000000035c4                sjsu::cortex::InitializeFloatingPointUnit()
 .text._ZN4sjsu19InterruptController21SetPlatformControllerEPS0_
                0x00000000000035ec       0x20 /home/naterpotatoer/SJSU-Dev2/library/static_libraries/lpc40xx/liblpc40xx.a(startup.cpp.o)
                0x00000000000035ec                sjsu::InterruptController::SetPlatformController(sjsu::InterruptController*)
 .text._ZN4sjsu19InterruptController21GetPlatformControllerEv
                0x000000000000360c       0x18 /home/naterpotatoer/SJSU-Dev2/library/static_libraries/lpc40xx/liblpc40xx.a(startup.cpp.o)
                0x000000000000360c                sjsu::InterruptController::GetPlatformController()
 .text._ZN5units8literalsli3_HzEy
                0x0000000000003624       0x2c /home/naterpotatoer/SJSU-Dev2/library/static_libraries/lpc40xx/liblpc40xx.a(startup.cpp.o)
                0x0000000000003624                units::literals::operator"" _Hz(unsigned long long)
 .text._ZN5units8literalsli4_MHzEy
                0x0000000000003650       0x2c /home/naterpotatoer/SJSU-Dev2/library/static_libraries/lpc40xx/liblpc40xx.a(startup.cpp.o)
                0x0000000000003650                units::literals::operator"" _MHz(unsigned long long)
 .text._ZN5units6unit_tINS_4unitISt5ratioILx1000000ELx1EENS1_IS2_ILx1ELx1EENS_9base_unitIS2_ILx0ELx1EES6_S2_ILxn1ELx1EES6_S6_S6_S6_S6_S6_EES6_S6_EES6_S6_EEfNS_12linear_scaleEEC1IJEEEfDpRKT_
                0x000000000000367c       0x22 /home/naterpotatoer/SJSU-Dev2/library/static_libraries/lpc40xx/liblpc40xx.a(startup.cpp.o)
                0x000000000000367c                units::unit_t<units::unit<std::ratio<1000000ll, 1ll>, units::unit<std::ratio<1ll, 1ll>, units::base_unit<std::ratio<0ll, 1ll>, std::ratio<0ll, 1ll>, std::ratio<-1ll, 1ll>, std::ratio<0ll, 1ll>, std::ratio<0ll, 1ll>, std::ratio<0ll, 1ll>, std::ratio<0ll, 1ll>, std::ratio<0ll, 1ll>, std::ratio<0ll, 1ll> >, std::ratio<0ll, 1ll>, std::ratio<0ll, 1ll> >, std::ratio<0ll, 1ll>, std::ratio<0ll, 1ll> >, float, units::linear_scale>::unit_t<>(float)
 .text._ZN5unitsL7convertINS_4unitISt5ratioILx1000000ELx1EENS1_IS2_ILx1ELx1EENS_9base_unitIS2_ILx0ELx1EES6_S2_ILxn1ELx1EES6_S6_S6_S6_S6_S6_EES6_S6_EES6_S6_EESA_fEET1_RKSB_
                0x000000000000369e       0x1c /home/naterpotatoer/SJSU-Dev2/library/static_libraries/lpc40xx/liblpc40xx.a(startup.cpp.o)
 .text._ZN5units6detailL7convertINS_4unitISt5ratioILx1000000ELx1EENS2_IS3_ILx1ELx1EENS_9base_unitIS3_ILx0ELx1EES7_S3_ILxn1ELx1EES7_S7_S7_S7_S7_S7_EES7_S7_EES7_S7_EESB_S5_S7_S7_fEET4_RKSC_St17integral_constantIbLb1EESF_IbLb0EESH_
                0x00000000000036ba       0x24 /home/naterpotatoer/SJSU-Dev2/library/static_libraries/lpc40xx/liblpc40xx.a(startup.cpp.o)
 .text._ZNK5units6unit_tINS_4unitISt5ratioILx1000000ELx1EENS1_IS2_ILx1ELx1EENS_9base_unitIS2_ILx0ELx1EES6_S2_ILxn1ELx1EES6_S6_S6_S6_S6_S6_EES6_S6_EES6_S6_EEfNS_12linear_scaleEEleISA_fSB_EEbRKNS0_IT_T0_T1_EE
                0x00000000000036de       0x3c /home/naterpotatoer/SJSU-Dev2/library/static_libraries/lpc40xx/liblpc40xx.a(startup.cpp.o)
                0x00000000000036de                bool units::unit_t<units::unit<std::ratio<1000000ll, 1ll>, units::unit<std::ratio<1ll, 1ll>, units::base_unit<std::ratio<0ll, 1ll>, std::ratio<0ll, 1ll>, std::ratio<-1ll, 1ll>, std::ratio<0ll, 1ll>, std::ratio<0ll, 1ll>, std::ratio<0ll, 1ll>, std::ratio<0ll, 1ll>, std::ratio<0ll, 1ll>, std::ratio<0ll, 1ll> >, std::ratio<0ll, 1ll>, std::ratio<0ll, 1ll> >, std::ratio<0ll, 1ll>, std::ratio<0ll, 1ll> >, float, units::linear_scale>::operator<=<units::unit<std::ratio<1000000ll, 1ll>, units::unit<std::ratio<1ll, 1ll>, units::base_unit<std::ratio<0ll, 1ll>, std::ratio<0ll, 1ll>, std::ratio<-1ll, 1ll>, std::ratio<0ll, 1ll>, std::ratio<0ll, 1ll>, std::ratio<0ll, 1ll>, std::ratio<0ll, 1ll>, std::ratio<0ll, 1ll>, std::ratio<0ll, 1ll> >, std::ratio<0ll, 1ll>, std::ratio<0ll, 1ll> >, std::ratio<0ll, 1ll>, std::ratio<0ll, 1ll> >, float, units::linear_scale>(units::unit_t<units::unit<std::ratio<1000000ll, 1ll>, units::unit<std::ratio<1ll, 1ll>, units::base_unit<std::ratio<0ll, 1ll>, std::ratio<0ll, 1ll>, std::ratio<-1ll, 1ll>, std::ratio<0ll, 1ll>, std::ratio<0ll, 1ll>, std::ratio<0ll, 1ll>, std::ratio<0ll, 1ll>, std::ratio<0ll, 1ll>, std::ratio<0ll, 1ll> >, std::ratio<0ll, 1ll>, std::ratio<0ll, 1ll> >, std::ratio<0ll, 1ll>, std::ratio<0ll, 1ll> >, float, units::linear_scale> const&) const
 .text._ZN5units6unit_tINS_4unitISt5ratioILx1ELx1EENS_9base_unitIS2_ILx0ELx1EES5_S2_ILxn1ELx1EES5_S5_S5_S5_S5_S5_EES5_S5_EEfNS_12linear_scaleEEC1IJEEEfDpRKT_
                0x000000000000371a       0x22 /home/naterpotatoer/SJSU-Dev2/library/static_libraries/lpc40xx/liblpc40xx.a(startup.cpp.o)
                0x000000000000371a                units::unit_t<units::unit<std::ratio<1ll, 1ll>, units::base_unit<std::ratio<0ll, 1ll>, std::ratio<0ll, 1ll>, std::ratio<-1ll, 1ll>, std::ratio<0ll, 1ll>, std::ratio<0ll, 1ll>, std::ratio<0ll, 1ll>, std::ratio<0ll, 1ll>, std::ratio<0ll, 1ll>, std::ratio<0ll, 1ll> >, std::ratio<0ll, 1ll>, std::ratio<0ll, 1ll> >, float, units::linear_scale>::unit_t<>(float)
 .text._ZN5unitsL7convertINS_4unitISt5ratioILx1ELx1EENS_9base_unitIS2_ILx0ELx1EES5_S2_ILxn1ELx1EES5_S5_S5_S5_S5_S5_EES5_S5_EES8_fEET1_RKS9_
                0x000000000000373c       0x1c /home/naterpotatoer/SJSU-Dev2/library/static_libraries/lpc40xx/liblpc40xx.a(startup.cpp.o)
 .text._ZN5units6detailL7convertINS_4unitISt5ratioILx1ELx1EENS_9base_unitIS3_ILx0ELx1EES6_S3_ILxn1ELx1EES6_S6_S6_S6_S6_S6_EES6_S6_EES9_S4_S6_S6_fEET4_RKSA_St17integral_constantIbLb1EESD_IbLb0EESF_
                0x0000000000003758       0x24 /home/naterpotatoer/SJSU-Dev2/library/static_libraries/lpc40xx/liblpc40xx.a(startup.cpp.o)
 .text._ZNK5units6unit_tINS_4unitISt5ratioILx1ELx1EENS_9base_unitIS2_ILx0ELx1EES5_S2_ILxn1ELx1EES5_S5_S5_S5_S5_S5_EES5_S5_EEfNS_12linear_scaleEEleIS8_fS9_EEbRKNS0_IT_T0_T1_EE
                0x000000000000377c       0x3c /home/naterpotatoer/SJSU-Dev2/library/static_libraries/lpc40xx/liblpc40xx.a(startup.cpp.o)
                0x000000000000377c                bool units::unit_t<units::unit<std::ratio<1ll, 1ll>, units::base_unit<std::ratio<0ll, 1ll>, std::ratio<0ll, 1ll>, std::ratio<-1ll, 1ll>, std::ratio<0ll, 1ll>, std::ratio<0ll, 1ll>, std::ratio<0ll, 1ll>, std::ratio<0ll, 1ll>, std::ratio<0ll, 1ll>, std::ratio<0ll, 1ll> >, std::ratio<0ll, 1ll>, std::ratio<0ll, 1ll> >, float, units::linear_scale>::operator<=<units::unit<std::ratio<1ll, 1ll>, units::base_unit<std::ratio<0ll, 1ll>, std::ratio<0ll, 1ll>, std::ratio<-1ll, 1ll>, std::ratio<0ll, 1ll>, std::ratio<0ll, 1ll>, std::ratio<0ll, 1ll>, std::ratio<0ll, 1ll>, std::ratio<0ll, 1ll>, std::ratio<0ll, 1ll> >, std::ratio<0ll, 1ll>, std::ratio<0ll, 1ll> >, float, units::linear_scale>(units::unit_t<units::unit<std::ratio<1ll, 1ll>, units::base_unit<std::ratio<0ll, 1ll>, std::ratio<0ll, 1ll>, std::ratio<-1ll, 1ll>, std::ratio<0ll, 1ll>, std::ratio<0ll, 1ll>, std::ratio<0ll, 1ll>, std::ratio<0ll, 1ll>, std::ratio<0ll, 1ll>, std::ratio<0ll, 1ll> >, std::ratio<0ll, 1ll>, std::ratio<0ll, 1ll> >, float, units::linear_scale> const&) const
 .text._ZN4sjsueqERKNS_6StatusES2_
                0x00000000000037b8       0x28 /home/naterpotatoer/SJSU-Dev2/library/static_libraries/lpc40xx/liblpc40xx.a(startup.cpp.o)
                0x00000000000037b8                sjsu::operator==(sjsu::Status const&, sjsu::Status const&)
 .text._ZN4sjsu17SetUptimeFunctionESt8functionIFNSt6chrono8durationIxSt5ratioILx1ELx1000000000EEEEvEE
                0x00000000000037e0       0x1c /home/naterpotatoer/SJSU-Dev2/library/static_libraries/lpc40xx/liblpc40xx.a(startup.cpp.o)
                0x00000000000037e0                sjsu::SetUptimeFunction(std::function<std::chrono::duration<long long, std::ratio<1ll, 1000000000ll> > ()>)
 .text._ZN4sjsu16SystemController21SetPlatformControllerEPS0_
                0x00000000000037fc       0x20 /home/naterpotatoer/SJSU-Dev2/library/static_libraries/lpc40xx/liblpc40xx.a(startup.cpp.o)
                0x00000000000037fc                sjsu::SystemController::SetPlatformController(sjsu::SystemController*)
 .text._ZN4sjsu16SystemController21GetPlatformControllerEv
                0x000000000000381c       0x18 /home/naterpotatoer/SJSU-Dev2/library/static_libraries/lpc40xx/liblpc40xx.a(startup.cpp.o)
                0x000000000000381c                sjsu::SystemController::GetPlatformController()
 .text._ZNSt8functionIFvvEED2Ev
                0x0000000000003834       0x1a /home/naterpotatoer/SJSU-Dev2/library/static_libraries/lpc40xx/liblpc40xx.a(startup.cpp.o)
                0x0000000000003834                std::function<void ()>::~function()
                0x0000000000003834                std::function<void ()>::~function()
 *fill*         0x000000000000384e        0x2 ff
 .text._ZN4sjsu6cortex11SystemTimer18SystemTimerHandlerEv
                0x0000000000003850       0x4c /home/naterpotatoer/SJSU-Dev2/library/static_libraries/lpc40xx/liblpc40xx.a(startup.cpp.o)
                0x0000000000003850                sjsu::cortex::SystemTimer::SystemTimerHandler()
 .text._ZNSt6chronomlImxSt5ratioILx1ELx1000000000EEEENS_8durationINSt9enable_ifIXsrSt14is_convertibleIRKT_NSt11common_typeIJT0_S6_EE4typeEE5valueESC_E4typeET1_EES8_RKNS3_ISA_SG_EE
                0x000000000000389c       0x22 /home/naterpotatoer/SJSU-Dev2/library/static_libraries/lpc40xx/liblpc40xx.a(startup.cpp.o)
                0x000000000000389c                std::chrono::duration<std::enable_if<std::is_convertible<unsigned long const&, std::common_type<long long, unsigned long>::type>::value, std::common_type<long long, unsigned long>::type>::type, std::ratio<1ll, 1000000000ll> > std::chrono::operator*<unsigned long, long long, std::ratio<1ll, 1000000000ll> >(unsigned long const&, std::chrono::duration<long long, std::ratio<1ll, 1000000000ll> > const&)
 .text._ZNSt6chronomlIxSt5ratioILx1ELx1000000000EEmEENS_8durationINSt9enable_ifIXsrSt14is_convertibleIRKT1_NSt11common_typeIJT_S6_EE4typeEE5valueESC_E4typeET0_EERKNS3_ISA_SG_EES8_
                0x00000000000038be       0x54 /home/naterpotatoer/SJSU-Dev2/library/static_libraries/lpc40xx/liblpc40xx.a(startup.cpp.o)
                0x00000000000038be                std::chrono::duration<std::enable_if<std::is_convertible<unsigned long const&, std::common_type<long long, unsigned long>::type>::value, std::common_type<long long, unsigned long>::type>::type, std::ratio<1ll, 1000000000ll> > std::chrono::operator*<long long, std::ratio<1ll, 1000000000ll>, unsigned long>(std::chrono::duration<long long, std::ratio<1ll, 1000000000ll> > const&, unsigned long const&)
 .text._ZNSt6chronodvIxSt5ratioILx1ELx1000000000EEmEENS_8durationINSt9enable_ifIXsrSt14is_convertibleIRKNS4_IXntsrNS_13__is_durationIT1_EE5valueES7_E4typeENSt11common_typeIJT_SA_EE4typeEE5valueESG_E4typeET0_EERKNS3_ISE_SK_EERKS7_
                0x0000000000003912       0x4a /home/naterpotatoer/SJSU-Dev2/library/static_libraries/lpc40xx/liblpc40xx.a(startup.cpp.o)
                0x0000000000003912                std::chrono::duration<std::enable_if<std::is_convertible<std::enable_if<!std::chrono::__is_duration<unsigned long>::value, unsigned long>::type const&, std::common_type<long long, std::enable_if<!std::chrono::__is_duration<unsigned long>::value, unsigned long>::type>::type>::value, std::common_type<long long, std::enable_if<!std::chrono::__is_duration<unsigned long>::value, unsigned long>::type>::type>::type, std::ratio<1ll, 1000000000ll> > std::chrono::operator/<long long, std::ratio<1ll, 1000000000ll>, unsigned long>(std::chrono::duration<long long, std::ratio<1ll, 1000000000ll> > const&, unsigned long const&)
 .text._ZN4sjsu6cortex11SystemTimer8GetCountEv
                0x000000000000395c       0x78 /home/naterpotatoer/SJSU-Dev2/library/static_libraries/lpc40xx/liblpc40xx.a(startup.cpp.o)
                0x000000000000395c                sjsu::cortex::SystemTimer::GetCount()
 .text._ZNK4sjsu6cortex11SystemTimer10InitializeEv
                0x00000000000039d4       0x94 /home/naterpotatoer/SJSU-Dev2/library/static_libraries/lpc40xx/liblpc40xx.a(startup.cpp.o)
                0x00000000000039d4                sjsu::cortex::SystemTimer::Initialize() const
 .text._ZNK4sjsu6cortex11SystemTimer11SetCallbackESt8functionIFvvEE
                0x0000000000003a68       0x20 /home/naterpotatoer/SJSU-Dev2/library/static_libraries/lpc40xx/liblpc40xx.a(startup.cpp.o)
                0x0000000000003a68                sjsu::cortex::SystemTimer::SetCallback(std::function<void ()>) const
 .text._ZN4sjsu19InterruptController18RegistrationInfo_tD2Ev
                0x0000000000003a88       0x1c /home/naterpotatoer/SJSU-Dev2/library/static_libraries/lpc40xx/liblpc40xx.a(startup.cpp.o)
                0x0000000000003a88                sjsu::InterruptController::RegistrationInfo_t::~RegistrationInfo_t()
                0x0000000000003a88                sjsu::InterruptController::RegistrationInfo_t::~RegistrationInfo_t()
 .text._ZNK4sjsu6cortex11SystemTimer10StartTimerEv
                0x0000000000003aa4       0xa4 /home/naterpotatoer/SJSU-Dev2/library/static_libraries/lpc40xx/liblpc40xx.a(startup.cpp.o)
                0x0000000000003aa4                sjsu::cortex::SystemTimer::StartTimer() const
 .text._ZN5units9unit_castImNS_6unit_tINS_4unitISt5ratioILx1ELx1EENS_9base_unitIS3_ILx0ELx1EES6_S6_S6_S6_S6_S6_S6_S6_EES6_S6_EEfNS_12linear_scaleEEEvEET_RKT0_
                0x0000000000003b48       0x18 /home/naterpotatoer/SJSU-Dev2/library/static_libraries/lpc40xx/liblpc40xx.a(startup.cpp.o)
                0x0000000000003b48                unsigned long units::unit_cast<unsigned long, units::unit_t<units::unit<std::ratio<1ll, 1ll>, units::base_unit<std::ratio<0ll, 1ll>, std::ratio<0ll, 1ll>, std::ratio<0ll, 1ll>, std::ratio<0ll, 1ll>, std::ratio<0ll, 1ll>, std::ratio<0ll, 1ll>, std::ratio<0ll, 1ll>, std::ratio<0ll, 1ll>, std::ratio<0ll, 1ll> >, std::ratio<0ll, 1ll>, std::ratio<0ll, 1ll> >, float, units::linear_scale>, void>(units::unit_t<units::unit<std::ratio<1ll, 1ll>, units::base_unit<std::ratio<0ll, 1ll>, std::ratio<0ll, 1ll>, std::ratio<0ll, 1ll>, std::ratio<0ll, 1ll>, std::ratio<0ll, 1ll>, std::ratio<0ll, 1ll>, std::ratio<0ll, 1ll>, std::ratio<0ll, 1ll>, std::ratio<0ll, 1ll> >, std::ratio<0ll, 1ll>, std::ratio<0ll, 1ll> >, float, units::linear_scale> const&)
 .text._ZN5unitsmiIiLi0EEENS_6unit_tINS_4unitISt5ratioILx1ELx1EENS_9base_unitIS3_ILx0ELx1EES6_S6_S6_S6_S6_S6_S6_S6_EES6_S6_EEfNS_12linear_scaleEEERKSA_T_
                0x0000000000003b60       0x3c /home/naterpotatoer/SJSU-Dev2/library/static_libraries/lpc40xx/liblpc40xx.a(startup.cpp.o)
                0x0000000000003b60                units::unit_t<units::unit<std::ratio<1ll, 1ll>, units::base_unit<std::ratio<0ll, 1ll>, std::ratio<0ll, 1ll>, std::ratio<0ll, 1ll>, std::ratio<0ll, 1ll>, std::ratio<0ll, 1ll>, std::ratio<0ll, 1ll>, std::ratio<0ll, 1ll>, std::ratio<0ll, 1ll>, std::ratio<0ll, 1ll> >, std::ratio<0ll, 1ll>, std::ratio<0ll, 1ll> >, float, units::linear_scale> units::operator-<int, 0>(units::unit_t<units::unit<std::ratio<1ll, 1ll>, units::base_unit<std::ratio<0ll, 1ll>, std::ratio<0ll, 1ll>, std::ratio<0ll, 1ll>, std::ratio<0ll, 1ll>, std::ratio<0ll, 1ll>, std::ratio<0ll, 1ll>, std::ratio<0ll, 1ll>, std::ratio<0ll, 1ll>, std::ratio<0ll, 1ll> >, std::ratio<0ll, 1ll>, std::ratio<0ll, 1ll> >, float, units::linear_scale> const&, int)
 .text._ZN5unitsdvINS_6unit_tINS_4unitISt5ratioILx1ELx1EENS_9base_unitIS3_ILx0ELx1EES6_S3_ILxn1ELx1EES6_S6_S6_S6_S6_S6_EES6_S6_EEfNS_12linear_scaleEEESB_Li0EEENS1_INS2_IS4_NS5_IS6_S6_S6_S6_S6_S6_S6_S6_S6_EES6_S6_EEfSA_EERKT_RKT0_
                0x0000000000003b9c       0x58 /home/naterpotatoer/SJSU-Dev2/library/static_libraries/lpc40xx/liblpc40xx.a(startup.cpp.o)